../../Core/Inc/fpr.h:126:1:fpr_ursh	72	static
../../Core/Inc/fpr.h:150:1:fpr_ulsh	72	static
../../Core/Inc/fpr.h:217:1:fpr_of	16	static
../../Core/Inc/fpr.h:267:1:fpr_rint	152	static
../../Core/Inc/fpr.h:431:1:fpr_sqr	16	static
../../Core/Inc/fpr.h:447:1:fpr_lt	96	static
../Application/User/Core/keygen.c:631:1:modp_set	24	static
../Application/User/Core/keygen.c:643:1:modp_norm	16	static
../Application/User/Core/keygen.c:652:1:modp_ninv31	24	static
../Application/User/Core/keygen.c:667:1:modp_R	16	static
../Application/User/Core/keygen.c:679:1:modp_add	32	static
../Application/User/Core/keygen.c:691:1:modp_sub	32	static
../Application/User/Core/keygen.c:716:1:modp_montymul	120	static
../Application/User/Core/keygen.c:731:1:modp_R2	24	static
../Application/User/Core/keygen.c:764:1:modp_Rx	40	static
../Application/User/Core/keygen.c:796:1:modp_div	40	static
../Application/User/Core/keygen.c:931:1:modp_mkgm2	64	static
../Application/User/Core/keygen.c:968:1:modp_NTT2_ext	72	static
../Application/User/Core/keygen.c:1006:1:modp_iNTT2_ext	88	static
../Application/User/Core/keygen.c:1076:1:modp_poly_rec_res	48	static
../Application/User/Core/keygen.c:1132:1:zint_sub	48	static
../Application/User/Core/keygen.c:1156:1:zint_mul_small	80	static
../Application/User/Core/keygen.c:1181:1:zint_mod_small_unsigned	40	static
../Application/User/Core/keygen.c:1210:1:zint_mod_small_signed	40	static
../Application/User/Core/keygen.c:1228:1:zint_add_mul_small	104	static
../Application/User/Core/keygen.c:1253:1:zint_norm_zero	48	static
../Application/User/Core/keygen.c:1313:1:zint_rebuild_CRT	80	static
../Application/User/Core/keygen.c:1376:1:zint_negate	40	static
../Application/User/Core/keygen.c:1412:1:zint_co_reduce	176	static
../Application/User/Core/keygen.c:1456:1:zint_finish_mod	48	static
../Application/User/Core/keygen.c:1498:1:zint_co_reduce_mod	240	static
../Application/User/Core/keygen.c:1557:1:zint_bezout	928	static
../Application/User/Core/keygen.c:1882:1:zint_add_scaled_mul_small	128	static
../Application/User/Core/keygen.c:1946:1:zint_sub_scaled	56	static
../Application/User/Core/keygen.c:1985:1:zint_one_to_plain	24	static
../Application/User/Core/keygen.c:2007:1:poly_big_to_fp	80	static
../Application/User/Core/keygen.c:2057:1:poly_big_to_small	40	static
../Application/User/Core/keygen.c:2084:1:poly_sub_scaled	64	static
../Application/User/Core/keygen.c:2120:1:poly_sub_scaled_ntt	112	static
../Application/User/Core/keygen.c:2191:1:get_rng_u64	152	static
../Application/User/Core/keygen.c:2240:1:mkgauss	96	static
../Application/User/Core/keygen.c:2404:1:poly_small_sqnorm	40	static
../Application/User/Core/keygen.c:2426:1:align_fpr	32	static
../Application/User/Core/keygen.c:2445:1:align_u32	32	static
../Application/User/Core/keygen.c:2463:1:poly_small_to_fp	48	static
../Application/User/Core/keygen.c:2481:1:make_fg_step	176	static
../Application/User/Core/keygen.c:2626:1:make_fg	88	static
../Application/User/Core/keygen.c:2682:1:solve_NTRU_deepest	72	static
../Application/User/Core/keygen.c:2742:1:solve_NTRU_intermediate	344	static
../Application/User/Core/keygen.c:3292:1:solve_NTRU_binary_depth1	256	static
../Application/User/Core/keygen.c:3667:1:solve_NTRU_binary_depth0	176	static
../Application/User/Core/keygen.c:3930:1:solve_NTRU	96	static
../Application/User/Core/keygen.c:4039:1:poly_small_mkgauss	40	static
../Application/User/Core/keygen.c:4079:1:PQCLEAN_FALCONPADDED512_CLEAN_keygen	104	static
