../Application/User/Core/vrfy.c:329:1:mq_conv_small	24	static
../Application/User/Core/vrfy.c:344:1:mq_add	24	static
../Application/User/Core/vrfy.c:363:1:mq_sub	24	static
../Application/User/Core/vrfy.c:379:1:mq_rshift1	16	static
../Application/User/Core/vrfy.c:390:1:mq_montymul	24	static
../Application/User/Core/vrfy.c:425:1:mq_montysqr	16	static
../Application/User/Core/vrfy.c:433:1:mq_div_12289	96	static
../Application/User/Core/vrfy.c:498:1:mq_NTT	64	static
../Application/User/Core/vrfy.c:530:1:mq_iNTT	72	static
../Application/User/Core/vrfy.c:585:1:mq_poly_tomonty	24	static
../Application/User/Core/vrfy.c:599:1:mq_poly_montymul_ntt	32	static
../Application/User/Core/vrfy.c:612:1:mq_poly_sub	32	static
../Application/User/Core/vrfy.c:625:1:PQCLEAN_FALCONPADDED512_CLEAN_to_ntt_monty	16	static
../Application/User/Core/vrfy.c:632:1:PQCLEAN_FALCONPADDED512_CLEAN_verify_raw	48	static
../Application/User/Core/vrfy.c:679:1:PQCLEAN_FALCONPADDED512_CLEAN_compute_public	40	static
../Application/User/Core/vrfy.c:704:1:PQCLEAN_FALCONPADDED512_CLEAN_complete_private	48	static
../Application/User/Core/vrfy.c:749:1:PQCLEAN_FALCONPADDED512_CLEAN_is_invertible	48	static
../Application/User/Core/vrfy.c:774:1:PQCLEAN_FALCONPADDED512_CLEAN_verify_recover	56	static
../Application/User/Core/vrfy.c:829:1:PQCLEAN_FALCONPADDED512_CLEAN_count_nttzero	48	static
