C:/Users/BIG BANG/STM32Cube/Repository/STM32Cube_FW_WB_V1.24.0/Projects/P-NUCLEO-WB55.Nucleo/Applications/My_work/BLE_p2pClient/STM32_WPAN/App/p2p_client_app.c:224:6:P2PC_APP_Init	16	static
C:/Users/BIG BANG/STM32Cube/Repository/STM32Cube_FW_WB_V1.24.0/Projects/P-NUCLEO-WB55.Nucleo/Applications/My_work/BLE_p2pClient/STM32_WPAN/App/p2p_client_app.c:280:6:P2PC_APP_Notification	24	static
C:/Users/BIG BANG/STM32Cube/Repository/STM32Cube_FW_WB_V1.24.0/Projects/P-NUCLEO-WB55.Nucleo/Applications/My_work/BLE_p2pClient/STM32_WPAN/App/p2p_client_app.c:363:6:P2PC_APP_SW1_Button_Action	8	static
C:/Users/BIG BANG/STM32Cube/Repository/STM32Cube_FW_WB_V1.24.0/Projects/P-NUCLEO-WB55.Nucleo/Applications/My_work/BLE_p2pClient/STM32_WPAN/App/p2p_client_app.c:382:30:Event_Handler	88	static
C:/Users/BIG BANG/STM32Cube/Repository/STM32Cube_FW_WB_V1.24.0/Projects/P-NUCLEO-WB55.Nucleo/Applications/My_work/BLE_p2pClient/STM32_WPAN/App/p2p_client_app.c:770:6:Gatt_Notification	56	static
C:/Users/BIG BANG/STM32Cube/Repository/STM32Cube_FW_WB_V1.24.0/Projects/P-NUCLEO-WB55.Nucleo/Applications/My_work/BLE_p2pClient/STM32_WPAN/App/p2p_client_app.c:1043:9:P2P_Client_APP_Get_State	4	static
C:/Users/BIG BANG/STM32Cube/Repository/STM32Cube_FW_WB_V1.24.0/Projects/P-NUCLEO-WB55.Nucleo/Applications/My_work/BLE_p2pClient/STM32_WPAN/App/p2p_client_app.c:1056:12:Write_Char	24	static
C:/Users/BIG BANG/STM32Cube/Repository/STM32Cube_FW_WB_V1.24.0/Projects/P-NUCLEO-WB55.Nucleo/Applications/My_work/BLE_p2pClient/STM32_WPAN/App/p2p_client_app.c:1095:6:Button_Trigger_Received	8	static
C:/Users/BIG BANG/STM32Cube/Repository/STM32Cube_FW_WB_V1.24.0/Projects/P-NUCLEO-WB55.Nucleo/Applications/My_work/BLE_p2pClient/STM32_WPAN/App/p2p_client_app.c:1122:6:Update_Service	16	static
