../Application/User/Core/polyvec.c:16:6:PQCLEAN_MLDSA44_CLEAN_polyvec_matrix_expand	24	static
../Application/User/Core/polyvec.c:26:6:PQCLEAN_MLDSA44_CLEAN_polyvec_matrix_pointwise_montgomery	32	static
../Application/User/Core/polyvec.c:38:6:PQCLEAN_MLDSA44_CLEAN_polyvecl_uniform_eta	32	static
../Application/User/Core/polyvec.c:46:6:PQCLEAN_MLDSA44_CLEAN_polyvecl_uniform_gamma1	32	static
../Application/User/Core/polyvec.c:54:6:PQCLEAN_MLDSA44_CLEAN_polyvecl_reduce	24	static
../Application/User/Core/polyvec.c:72:6:PQCLEAN_MLDSA44_CLEAN_polyvecl_add	32	static
../Application/User/Core/polyvec.c:88:6:PQCLEAN_MLDSA44_CLEAN_polyvecl_ntt	24	static
../Application/User/Core/polyvec.c:96:6:PQCLEAN_MLDSA44_CLEAN_polyvecl_invntt_tomont	24	static
../Application/User/Core/polyvec.c:104:6:PQCLEAN_MLDSA44_CLEAN_polyvecl_pointwise_poly_montgomery	32	static
../Application/User/Core/polyvec.c:123:6:PQCLEAN_MLDSA44_CLEAN_polyvecl_pointwise_acc_montgomery	1056	static
../Application/User/Core/polyvec.c:148:5:PQCLEAN_MLDSA44_CLEAN_polyvecl_chknorm	24	static
../Application/User/Core/polyvec.c:164:6:PQCLEAN_MLDSA44_CLEAN_polyveck_uniform_eta	32	static
../Application/User/Core/polyvec.c:180:6:PQCLEAN_MLDSA44_CLEAN_polyveck_reduce	24	static
../Application/User/Core/polyvec.c:196:6:PQCLEAN_MLDSA44_CLEAN_polyveck_caddq	24	static
../Application/User/Core/polyvec.c:214:6:PQCLEAN_MLDSA44_CLEAN_polyveck_add	32	static
../Application/User/Core/polyvec.c:233:6:PQCLEAN_MLDSA44_CLEAN_polyveck_sub	32	static
../Application/User/Core/polyvec.c:249:6:PQCLEAN_MLDSA44_CLEAN_polyveck_shiftl	24	static
../Application/User/Core/polyvec.c:265:6:PQCLEAN_MLDSA44_CLEAN_polyveck_ntt	24	static
../Application/User/Core/polyvec.c:282:6:PQCLEAN_MLDSA44_CLEAN_polyveck_invntt_tomont	24	static
../Application/User/Core/polyvec.c:290:6:PQCLEAN_MLDSA44_CLEAN_polyveck_pointwise_poly_montgomery	32	static
../Application/User/Core/polyvec.c:311:5:PQCLEAN_MLDSA44_CLEAN_polyveck_chknorm	24	static
../Application/User/Core/polyvec.c:337:6:PQCLEAN_MLDSA44_CLEAN_polyveck_power2round	32	static
../Application/User/Core/polyvec.c:360:6:PQCLEAN_MLDSA44_CLEAN_polyveck_decompose	32	static
../Application/User/Core/polyvec.c:379:14:PQCLEAN_MLDSA44_CLEAN_polyveck_make_hint	32	static
../Application/User/Core/polyvec.c:401:6:PQCLEAN_MLDSA44_CLEAN_polyveck_use_hint	32	static
../Application/User/Core/polyvec.c:409:6:PQCLEAN_MLDSA44_CLEAN_polyveck_pack_w1	24	static
