../Application/User/Core/poly.c:20:6:PQCLEAN_MLDSA44_CLEAN_poly_reduce	24	static
../Application/User/Core/poly.c:39:6:PQCLEAN_MLDSA44_CLEAN_poly_caddq	24	static
../Application/User/Core/poly.c:59:6:PQCLEAN_MLDSA44_CLEAN_poly_add	32	static
../Application/User/Core/poly.c:81:6:PQCLEAN_MLDSA44_CLEAN_poly_sub	32	static
../Application/User/Core/poly.c:100:6:PQCLEAN_MLDSA44_CLEAN_poly_shiftl	24	static
../Application/User/Core/poly.c:119:6:PQCLEAN_MLDSA44_CLEAN_poly_ntt	16	static
../Application/User/Core/poly.c:136:6:PQCLEAN_MLDSA44_CLEAN_poly_invntt_tomont	16	static
../Application/User/Core/poly.c:155:6:PQCLEAN_MLDSA44_CLEAN_poly_pointwise_montgomery	56	static
../Application/User/Core/poly.c:178:6:PQCLEAN_MLDSA44_CLEAN_poly_power2round	32	static
../Application/User/Core/poly.c:202:6:PQCLEAN_MLDSA44_CLEAN_poly_decompose	32	static
../Application/User/Core/poly.c:226:14:PQCLEAN_MLDSA44_CLEAN_poly_make_hint	32	static
../Application/User/Core/poly.c:248:6:PQCLEAN_MLDSA44_CLEAN_poly_use_hint	32	static
../Application/User/Core/poly.c:270:5:PQCLEAN_MLDSA44_CLEAN_poly_chknorm	24	static
../Application/User/Core/poly.c:311:21:rej_uniform	40	static
../Application/User/Core/poly.c:347:6:PQCLEAN_MLDSA44_CLEAN_poly_uniform	888	static
../Application/User/Core/poly.c:387:21:rej_eta	40	static
../Application/User/Core/poly.c:426:6:PQCLEAN_MLDSA44_CLEAN_poly_uniform_eta	176	static
../Application/User/Core/poly.c:458:6:PQCLEAN_MLDSA44_CLEAN_poly_uniform_gamma1	712	static
../Application/User/Core/poly.c:480:6:PQCLEAN_MLDSA44_CLEAN_poly_challenge	200	static
../Application/User/Core/poly.c:526:6:PQCLEAN_MLDSA44_CLEAN_polyeta_pack	32	static
../Application/User/Core/poly.c:557:6:PQCLEAN_MLDSA44_CLEAN_polyeta_unpack	24	static
../Application/User/Core/poly.c:594:6:PQCLEAN_MLDSA44_CLEAN_polyt1_pack	24	static
../Application/User/Core/poly.c:618:6:PQCLEAN_MLDSA44_CLEAN_polyt1_unpack	24	static
../Application/User/Core/poly.c:641:6:PQCLEAN_MLDSA44_CLEAN_polyt0_pack	56	static
../Application/User/Core/poly.c:689:6:PQCLEAN_MLDSA44_CLEAN_polyt0_unpack	24	static
../Application/User/Core/poly.c:753:6:PQCLEAN_MLDSA44_CLEAN_polyz_pack	40	static
../Application/User/Core/poly.c:790:6:PQCLEAN_MLDSA44_CLEAN_polyz_unpack	24	static
../Application/User/Core/poly.c:834:6:PQCLEAN_MLDSA44_CLEAN_polyw1_pack	24	static
