2026-09-18T23:54:42.731Z west build --build-dir c:/nrf_work/SHAKE2f/peripheral_uart/build c:/nrf_work/SHAKE2f/peripheral_uart
2026-09-18T23:54:43.756Z [0/2] Re-checking globbed directories...
2026-09-18T23:54:43.934Z ninja: no work to do.
west build: generating a build system
2026-09-18T23:42:59.812Z -- Application: C:/nrf_work/SHAKE2f/peripheral_uart
2026-09-18T23:42:59.812Z -- CMake version: 4.2.1
2026-09-18T23:43:00.391Z -- Found Python3: C:/ncs/toolchains/936afb6332/opt/bin/python.exe (found suitable version "3.12.4", minimum required is "3.10") found components: Interpreter
2026-09-18T23:43:00.459Z -- Cache files will be written to: C:/ncs/v3.3.3/zephyr/.cache
2026-09-18T23:43:00.617Z -- Zephyr version: 4.3.99 (C:/ncs/v3.3.3/zephyr)
2026-09-18T23:43:00.839Z -- Found west (found suitable version "1.5.0", minimum required is "0.14.0")
2026-09-18T23:43:04.113Z -- Board: nrf5340dk, qualifiers: nrf5340/cpuapp
2026-09-18T23:43:08.646Z -- Found host-tools: zephyr 0.17.0 (C:/ncs/toolchains/936afb6332/opt/zephyr-sdk)
2026-09-18T23:43:08.691Z -- Found toolchain: zephyr 0.17.0 (C:/ncs/toolchains/936afb6332/opt/zephyr-sdk)
2026-09-18T23:43:09.000Z -- Found Dtc: C:/ncs/toolchains/936afb6332/opt/bin/dtc.exe (found suitable version "1.4.7", minimum required is "1.4.6")
2026-09-18T23:43:09.001Z -- Found BOARD.dts: C:/ncs/v3.3.3/zephyr/boards/nordic/nrf5340dk/nrf5340dk_nrf5340_cpuapp.dts
2026-09-18T23:43:10.767Z -- Generated zephyr.dts: C:/nrf_work/SHAKE2f/peripheral_uart/build/zephyr/zephyr.dts
2026-09-18T23:43:10.767Z -- Generated pickled edt: C:/nrf_work/SHAKE2f/peripheral_uart/build/zephyr/edt.pickle
2026-09-18T23:43:11.041Z -- Generated devicetree_generated.h: C:/nrf_work/SHAKE2f/peripheral_uart/build/zephyr/include/generated/zephyr/devicetree_generated.h
2026-09-18T23:44:04.618Z Parsing C:/nrf_work/SHAKE2f/peripheral_uart/Kconfig
2026-09-18T23:44:04.618Z Loaded configuration 'C:/ncs/v3.3.3/zephyr/boards/nordic/nrf5340dk/nrf5340dk_nrf5340_cpuapp_defconfig'
2026-09-18T23:44:04.618Z Merged configuration 'C:/nrf_work/SHAKE2f/peripheral_uart/prj.conf'
2026-09-18T23:44:04.618Z Merged configuration 'C:/nrf_work/SHAKE2f/peripheral_uart/boards/nrf5340dk_nrf5340_cpuapp.conf'
2026-09-18T23:44:04.618Z Configuration saved to 'C:/nrf_work/SHAKE2f/peripheral_uart/build/zephyr/.config'
2026-09-18T23:44:04.619Z Kconfig header saved to 'C:/nrf_work/SHAKE2f/peripheral_uart/build/zephyr/include/generated/zephyr/autoconf.h'
2026-09-18T23:44:05.806Z -- Found GnuLd: c:/ncs/toolchains/936afb6332/opt/zephyr-sdk/arm-zephyr-eabi/arm-zephyr-eabi/bin/ld.bfd.exe (found version "2.38")
2026-09-18T23:44:07.409Z -- The C compiler identification is GNU 12.2.0
2026-09-18T23:44:08.450Z -- The CXX compiler identification is GNU 12.2.0
2026-09-18T23:44:08.852Z -- The ASM compiler identification is GNU
2026-09-18T23:44:08.862Z -- Found assembler: C:/ncs/toolchains/936afb6332/opt/zephyr-sdk/arm-zephyr-eabi/bin/arm-zephyr-eabi-gcc.exe
2026-09-18T23:44:13.322Z -- libmetal version: 1.9.0 (C:/nrf_work/SHAKE2f/peripheral_uart)
2026-09-18T23:44:13.335Z -- Looking for include file stdatomic.h
2026-09-18T23:44:13.717Z -- Looking for include file stdatomic.h - found
2026-09-18T23:44:14.636Z -- open-amp version: 1.8.0 (C:/ncs/v3.3.3/modules/lib/open-amp/open-amp)
2026-09-18T23:44:14.649Z -- Looking for include file fcntl.h
2026-09-18T23:44:15.428Z -- Looking for include file fcntl.h - found
2026-09-18T23:44:15.901Z -- Found gen_kobject_list: C:/ncs/v3.3.3/zephyr/scripts/build/gen_kobject_list.py
2026-09-18T23:44:16.180Z -- Configuring done (76.4s)
2026-09-18T23:44:17.132Z -- Generating done (0.9s)
2026-09-18T23:44:17.155Z -- Build files have been written to: C:/nrf_work/SHAKE2f/peripheral_uart/build
2026-09-18T23:44:17.293Z -- west build: building application
2026-09-18T23:44:17.582Z [0/2] Re-checking globbed directories...
2026-09-18T23:44:18.021Z [1/363] Generating ../../zephyr/include/generated/zephyr_commit.h
2026-09-18T23:44:18.021Z [2/363] Generating include/generated/zephyr/app_version.h
2026-09-18T23:44:18.022Z [3/363] Generating ../../zephyr/include/generated/app_commit.h
2026-09-18T23:44:18.022Z [4/363] Generating ../../zephyr/include/generated/ncs_commit.h
2026-09-18T23:44:18.036Z [5/363] Generating ../../zephyr/include/generated/ncs_version.h
2026-09-18T23:44:18.200Z [6/363] Generating include/generated/zephyr/version.h
2026-09-18T23:44:18.200Z -- Zephyr version: 4.3.99 (C:/ncs/v3.3.3/zephyr), build: ncs-v3.3.3
2026-09-18T23:45:27.998Z [7/363] Generating misc/generated/syscalls.json, misc/generated/struct_tags.json
2026-09-18T23:45:28.163Z [8/363] Generating include/generated/device-api-sections.ld, include/generated/device-api-sections.cmake
2026-09-18T23:45:28.281Z [9/363] Generating include/generated/zephyr/driver-validation.h
2026-09-18T23:45:28.282Z [10/363] Generating include/generated/zephyr/kobj-types-enum.h, include/generated/zephyr/otype-to-str.h, include/generated/zephyr/otype-to-size.h
2026-09-18T23:45:28.305Z [11/363] Generating include/generated/zephyr/syscall_dispatch.c, include/generated/zephyr/syscall_exports_llext.c, syscall_weakdefs_llext.c, include/generated/zephyr/syscall_list.h
2026-09-18T23:45:28.928Z [12/363] Building C object modules/nrf/subsys/nrf_security/src/CMakeFiles/mbedcrypto_base.dir/C_/ncs/v3.3.3/modules/crypto/mbedtls/library/bignum.c.obj
2026-09-18T23:45:28.970Z [13/363] Building C object modules/nrf/subsys/nrf_security/src/CMakeFiles/mbedcrypto_base.dir/C_/ncs/v3.3.3/modules/crypto/mbedtls/library/bignum_core.c.obj
2026-09-18T23:45:29.004Z [14/363] Building C object modules/nrf/subsys/nrf_security/src/CMakeFiles/mbedcrypto_base.dir/C_/ncs/v3.3.3/modules/crypto/mbedtls/library/nist_kw.c.obj
2026-09-18T23:45:29.041Z [15/363] Building C object modules/nrf/subsys/nrf_security/src/CMakeFiles/mbedcrypto_base.dir/C_/ncs/v3.3.3/modules/crypto/mbedtls/library/padlock.c.obj
2026-09-18T23:45:29.079Z [16/363] Building C object modules/nrf/subsys/nrf_security/src/CMakeFiles/mbedcrypto_base.dir/C_/ncs/v3.3.3/modules/crypto/mbedtls/library/version.c.obj
2026-09-18T23:45:29.113Z [17/363] Building C object modules/nrf/subsys/nrf_security/src/CMakeFiles/mbedcrypto_base.dir/C_/ncs/v3.3.3/modules/crypto/mbedtls/library/constant_time.c.obj
2026-09-18T23:45:29.150Z [18/363] Building C object modules/nrf/subsys/nrf_security/src/CMakeFiles/mbedcrypto_base.dir/C_/ncs/v3.3.3/modules/crypto/mbedtls/library/base64.c.obj
2026-09-18T23:45:29.204Z [19/363] Building C object modules/nrf/subsys/nrf_security/src/CMakeFiles/mbedcrypto_base.dir/C_/ncs/v3.3.3/modules/crypto/mbedtls/library/asn1write.c.obj
2026-09-18T23:45:29.245Z [20/363] Building C object modules/nrf/subsys/nrf_security/src/CMakeFiles/mbedcrypto_base.dir/C_/ncs/v3.3.3/modules/crypto/mbedtls/library/asn1parse.c.obj
2026-09-18T23:45:29.280Z [21/363] Building C object modules/nrf/subsys/nrf_security/src/drivers/nrf_oberon/CMakeFiles/oberon_psa_driver.dir/C_/ncs/v3.3.3/modules/crypto/oberon-psa-crypto/oberon/drivers/oberon_helpers.c.obj
2026-09-18T23:45:29.324Z [22/363] Building C object modules/nrf/subsys/nrf_security/src/drivers/nrf_oberon/CMakeFiles/oberon_psa_driver.dir/C_/ncs/v3.3.3/modules/crypto/oberon-psa-crypto/oberon/drivers/oberon_ecdh.c.obj
2026-09-18T23:45:29.366Z [23/363] Building C object modules/nrf/subsys/nrf_security/src/drivers/nrf_oberon/CMakeFiles/oberon_psa_driver.dir/C_/ncs/v3.3.3/modules/crypto/oberon-psa-crypto/oberon/drivers/oberon_ecdsa.c.obj
2026-09-18T23:45:29.405Z [24/363] Building C object modules/nrf/subsys/nrf_security/src/drivers/nrf_oberon/CMakeFiles/oberon_psa_driver.dir/C_/ncs/v3.3.3/modules/crypto/oberon-psa-crypto/oberon/drivers/oberon_spake2p.c.obj
2026-09-18T23:45:29.437Z [25/363] Building C object modules/nrf/subsys/nrf_security/src/drivers/nrf_oberon/CMakeFiles/oberon_psa_driver.dir/C_/ncs/v3.3.3/modules/crypto/oberon-psa-crypto/oberon/drivers/oberon_eddsa.c.obj
2026-09-18T23:45:29.470Z [26/363] Building C object modules/nrf/subsys/nrf_security/src/drivers/nrf_oberon/CMakeFiles/oberon_psa_driver.dir/C_/ncs/v3.3.3/modules/crypto/oberon-psa-crypto/oberon/drivers/oberon_jpake.c.obj
2026-09-18T23:45:29.505Z [27/363] Building C object modules/nrf/subsys/nrf_security/src/drivers/nrf_oberon/CMakeFiles/oberon_psa_driver.dir/C_/ncs/v3.3.3/modules/crypto/oberon-psa-crypto/oberon/drivers/oberon_ec_keys.c.obj
2026-09-18T23:45:29.540Z [28/363] Building C object modules/nrf/subsys/nrf_security/src/drivers/nrf_oberon/CMakeFiles/oberon_psa_driver.dir/C_/ncs/v3.3.3/modules/crypto/oberon-psa-crypto/oberon/drivers/oberon_srp.c.obj
2026-09-18T23:45:29.579Z [29/363] Building C object modules/nrf/subsys/nrf_security/src/CMakeFiles/mbedcrypto_base.dir/C_/ncs/v3.3.3/modules/crypto/mbedtls/library/oid.c.obj
2026-09-18T23:45:29.613Z [30/363] Building C object modules/nrf/subsys/nrf_security/src/drivers/nrf_oberon/CMakeFiles/oberon_psa_driver.dir/C_/ncs/v3.3.3/modules/crypto/oberon-psa-crypto/oberon/drivers/oberon_wpa3_sae.c.obj
2026-09-18T23:45:29.647Z [31/363] Building C object modules/nrf/subsys/nrf_security/src/drivers/nrf_oberon/CMakeFiles/oberon_psa_driver.dir/C_/ncs/v3.3.3/modules/crypto/oberon-psa-crypto/oberon/drivers/oberon_rsa.c.obj
2026-09-18T23:45:29.680Z [32/363] Building C object modules/nrf/subsys/nrf_security/src/drivers/nrf_oberon/CMakeFiles/oberon_psa_driver.dir/C_/ncs/v3.3.3/modules/crypto/oberon-psa-crypto/oberon/drivers/oberon_ml_kem.c.obj
2026-09-18T23:45:29.720Z [33/363] Building C object modules/nrf/subsys/nrf_security/src/drivers/nrf_oberon/CMakeFiles/oberon_psa_driver.dir/C_/ncs/v3.3.3/modules/crypto/oberon-psa-crypto/oberon/drivers/oberon_ml_dsa.c.obj
2026-09-18T23:45:29.753Z [34/363] Building C object modules/nrf/subsys/nrf_security/src/drivers/nrf_oberon/CMakeFiles/oberon_psa_driver.dir/C_/ncs/v3.3.3/modules/crypto/oberon-psa-crypto/oberon/drivers/oberon_key_management.c.obj
2026-09-18T23:45:29.785Z [35/363] Building C object modules/nrf/subsys/nrf_security/src/drivers/nrf_oberon/CMakeFiles/oberon_psa_driver.dir/C_/ncs/v3.3.3/modules/crypto/oberon-psa-crypto/oberon/drivers/oberon_lms.c.obj
2026-09-18T23:45:29.825Z [36/363] Building C object modules/nrf/subsys/nrf_security/src/drivers/nrf_oberon/CMakeFiles/oberon_psa_driver.dir/C_/ncs/v3.3.3/modules/crypto/oberon-psa-crypto/oberon/drivers/oberon_xmss.c.obj
2026-09-18T23:45:29.860Z [37/363] Building C object modules/nrf/subsys/nrf_security/src/drivers/nrf_oberon/CMakeFiles/oberon_psa_driver.dir/C_/ncs/v3.3.3/modules/crypto/oberon-psa-crypto/oberon/drivers/oberon_mac.c.obj
2026-09-18T23:45:29.901Z [38/363] Building C object modules/nrf/subsys/nrf_security/src/drivers/nrf_oberon/CMakeFiles/oberon_psa_driver.dir/C_/ncs/v3.3.3/modules/crypto/oberon-psa-crypto/oberon/drivers/oberon_key_agreement.c.obj
2026-09-18T23:45:29.936Z [39/363] Building C object modules/nrf/subsys/nrf_security/src/drivers/nrf_oberon/CMakeFiles/oberon_psa_driver.dir/C_/ncs/v3.3.3/modules/crypto/oberon-psa-crypto/oberon/drivers/oberon_cipher.c.obj
2026-09-18T23:45:29.969Z [40/363] Building C object modules/nrf/subsys/nrf_security/src/core/nrf_oberon/CMakeFiles/psa_core.dir/C_/ncs/v3.3.3/modules/crypto/oberon-psa-crypto/library/platform.c.obj
2026-09-18T23:45:29.997Z [41/363] Building C object modules/nrf/subsys/nrf_security/src/CMakeFiles/nrf_security_utils.dir/utils/nrf_security_events.c.obj
2026-09-18T23:45:29.999Z [42/363] Building C object modules/nrf/subsys/nrf_security/src/CMakeFiles/nrf_security_utils.dir/utils/nrf_security_mutexes.c.obj
2026-09-18T23:45:30.000Z [43/363] Building C object modules/nrf/subsys/nrf_security/src/core/nrf_oberon/CMakeFiles/psa_core.dir/C_/ncs/v3.3.3/modules/crypto/oberon-psa-crypto/library/platform_util.c.obj
2026-09-18T23:45:30.001Z [44/363] Building C object modules/nrf/subsys/nrf_security/src/CMakeFiles/nrf_security_utils.dir/utils/nrf_security_core.c.obj
2026-09-18T23:45:30.018Z [45/363] Building C object modules/nrf/subsys/nrf_security/src/core/nrf_oberon/CMakeFiles/psa_core.dir/C_/ncs/v3.3.3/modules/crypto/oberon-psa-crypto/library/psa_crypto_client.c.obj
2026-09-18T23:45:30.018Z [46/363] Building C object modules/nrf/subsys/nrf_security/src/core/nrf_oberon/CMakeFiles/psa_core.dir/C_/ncs/v3.3.3/modules/crypto/oberon-psa-crypto/library/psa_crypto_storage.c.obj
2026-09-18T23:45:30.019Z [47/363] Building C object zephyr/CMakeFiles/offsets.dir/arch/arm/core/offsets/offsets.c.obj
2026-09-18T23:45:30.036Z [48/363] Building C object modules/nrf/subsys/nrf_security/src/CMakeFiles/mbedcrypto.dir/C_/ncs/v3.3.3/modules/crypto/mbedtls/library/pkcs12.c.obj
2026-09-18T23:45:30.036Z [49/363] Building C object modules/nrf/subsys/nrf_security/src/CMakeFiles/mbedcrypto.dir/C_/ncs/v3.3.3/modules/crypto/mbedtls/library/pem.c.obj
2026-09-18T23:45:30.037Z [50/363] Building C object modules/nrf/subsys/nrf_security/src/core/nrf_oberon/CMakeFiles/psa_core.dir/C_/ncs/v3.3.3/modules/crypto/oberon-psa-crypto/library/psa_crypto_slot_management.c.obj
2026-09-18T23:45:30.038Z [51/363] Building C object modules/nrf/subsys/nrf_security/src/CMakeFiles/mbedcrypto.dir/C_/ncs/v3.3.3/modules/crypto/mbedtls/library/memory_buffer_alloc.c.obj
2026-09-18T23:45:30.038Z [52/363] Building C object modules/nrf/subsys/nrf_security/src/CMakeFiles/mbedcrypto.dir/C_/ncs/v3.3.3/modules/crypto/mbedtls/library/pkcs5.c.obj
2026-09-18T23:45:30.056Z [53/363] Building C object modules/nrf/subsys/nrf_security/src/CMakeFiles/mbedcrypto.dir/C_/ncs/v3.3.3/modules/crypto/mbedtls/library/pkparse.c.obj
2026-09-18T23:45:30.079Z [54/363] Building C object modules/nrf/subsys/nrf_security/src/CMakeFiles/mbedcrypto.dir/C_/ncs/v3.3.3/modules/crypto/mbedtls/library/dhm.c.obj
2026-09-18T23:45:30.093Z [55/363] Building C object modules/nrf/subsys/nrf_security/src/core/nrf_oberon/CMakeFiles/psa_core.dir/C_/ncs/v3.3.3/nrf/subsys/nrf_security/src/psa_crypto_driver_wrappers.c.obj
2026-09-18T23:45:30.099Z [56/363] Building C object modules/nrf/subsys/nrf_security/src/CMakeFiles/mbedcrypto.dir/C_/ncs/v3.3.3/modules/crypto/mbedtls/library/pkwrite.c.obj
2026-09-18T23:45:30.134Z [57/363] Building C object modules/nrf/subsys/nrf_security/src/CMakeFiles/mbedcrypto.dir/C_/ncs/v3.3.3/modules/crypto/mbedtls/library/cipher.c.obj
2026-09-18T23:45:30.144Z [58/363] Building C object modules/nrf/subsys/nrf_security/src/CMakeFiles/mbedcrypto.dir/C_/ncs/v3.3.3/modules/crypto/mbedtls/library/cipher_wrap.c.obj
2026-09-18T23:45:30.180Z [59/363] Building C object modules/nrf/subsys/nrf_security/src/CMakeFiles/mbedcrypto.dir/C_/ncs/v3.3.3/modules/crypto/mbedtls/library/md.c.obj
2026-09-18T23:45:30.212Z [60/363] Building C object modules/nrf/subsys/nrf_security/src/CMakeFiles/mbedcrypto.dir/C_/ncs/v3.3.3/modules/crypto/mbedtls/library/pk.c.obj
2026-09-18T23:45:30.252Z [61/363] Linking C static library modules\nrf\subsys\nrf_security\src\libnrf_security_utils.a
2026-09-18T23:45:30.290Z [62/363] Building C object modules/nrf/subsys/nrf_security/src/CMakeFiles/mbedcrypto.dir/C_/ncs/v3.3.3/modules/crypto/mbedtls/library/pk_wrap.c.obj
2026-09-18T23:45:30.298Z [63/363] Building C object modules/nrf/subsys/nrf_security/src/CMakeFiles/mbedcrypto.dir/C_/ncs/v3.3.3/modules/crypto/mbedtls/library/pk_ecc.c.obj
2026-09-18T23:45:30.350Z [64/363] Building C object modules/nrf/subsys/nrf_security/src/CMakeFiles/mbedcrypto.dir/C_/ncs/v3.3.3/modules/crypto/mbedtls/library/psa_util.c.obj
2026-09-18T23:45:30.416Z [65/363] Generating include/generated/zephyr/offsets.h
2026-09-18T23:45:31.010Z [66/363] Building C object zephyr/arch/common/CMakeFiles/isr_tables.dir/isr_tables.c.obj
2026-09-18T23:45:31.034Z [67/363] Linking C static library modules\nrf\subsys\nrf_security\src\libmbedcrypto_base.a
2026-09-18T23:45:31.057Z [68/363] Building C object CMakeFiles/app.dir/src/pqclean/code/address.c.obj
2026-09-18T23:45:31.089Z [69/363] Building C object CMakeFiles/app.dir/src/pqclean/code/context_shake.c.obj
2026-09-18T23:45:31.117Z [70/363] Building C object CMakeFiles/app.dir/src/pqclean/code/fors.c.obj
2026-09-18T23:45:31.153Z [71/363] Building C object CMakeFiles/app.dir/src/pqclean/code/hash_shake.c.obj
2026-09-18T23:45:31.187Z [72/363] Building C object CMakeFiles/app.dir/src/pqclean/code/merkle.c.obj
2026-09-18T23:45:31.222Z [73/363] Building C object CMakeFiles/app.dir/src/pqclean/code/sign.c.obj
2026-09-18T23:45:31.261Z [74/363] Building C object CMakeFiles/app.dir/src/pqclean/code/thash_shake_simple.c.obj
2026-09-18T23:45:31.300Z [75/363] Building C object CMakeFiles/app.dir/src/pqclean/code/utils.c.obj
2026-09-18T23:45:31.336Z [76/363] Building C object CMakeFiles/app.dir/src/pqclean/code/utilsx1.c.obj
2026-09-18T23:45:31.369Z [77/363] Building C object CMakeFiles/app.dir/src/pqclean/code/wots.c.obj
2026-09-18T23:45:31.404Z [78/363] Building C object CMakeFiles/app.dir/src/pqclean/code/wotsx1.c.obj
2026-09-18T23:45:31.437Z [79/363] Building C object CMakeFiles/app.dir/src/pqclean/common/fips202.c.obj
2026-09-18T23:45:31.478Z [80/363] Building C object CMakeFiles/app.dir/src/pqclean/common/randombytes.c.obj
2026-09-18T23:45:31.513Z [81/363] Building C object modules/nrf/subsys/nrf_security/src/core/nrf_oberon/CMakeFiles/psa_core.dir/C_/ncs/v3.3.3/modules/crypto/oberon-psa-crypto/library/psa_crypto.c.obj
2026-09-18T23:45:31.557Z [82/363] Building C object zephyr/CMakeFiles/zephyr.dir/lib/libc/validate_libc.c.obj
2026-09-18T23:45:31.605Z [83/363] Linking C static library modules\nrf\subsys\nrf_security\src\drivers\nrf_oberon\liboberon_psa_driver.a
2026-09-18T23:45:31.623Z [84/363] Building C object zephyr/CMakeFiles/zephyr.dir/lib/utils/dec.c.obj
2026-09-18T23:45:31.664Z [85/363] Building C object zephyr/CMakeFiles/zephyr.dir/lib/os/sem.c.obj
2026-09-18T23:45:31.699Z [86/363] Building C object zephyr/CMakeFiles/zephyr.dir/lib/os/thread_entry.c.obj
2026-09-18T23:45:31.743Z [87/363] Building C object zephyr/CMakeFiles/zephyr.dir/lib/heap/heap.c.obj
2026-09-18T23:45:31.784Z [88/363] Building C object zephyr/CMakeFiles/zephyr.dir/lib/os/printk.c.obj
2026-09-18T23:45:31.827Z [89/363] Building C object zephyr/CMakeFiles/zephyr.dir/lib/os/clock.c.obj
2026-09-18T23:45:31.858Z [90/363] Building C object zephyr/CMakeFiles/zephyr.dir/lib/os/assert.c.obj
2026-09-18T23:45:31.910Z [91/363] Building C object zephyr/CMakeFiles/zephyr.dir/lib/utils/hex.c.obj
2026-09-18T23:45:31.970Z [92/363] Building C object zephyr/CMakeFiles/zephyr.dir/lib/os/cbprintf_packaged.c.obj
2026-09-18T23:45:32.047Z [93/363] Building C object zephyr/CMakeFiles/zephyr.dir/lib/utils/bitmask.c.obj
2026-09-18T23:45:32.080Z [94/363] Building C object zephyr/CMakeFiles/zephyr.dir/lib/utils/timeutil.c.obj
2026-09-18T23:45:32.110Z [95/363] Building C object zephyr/CMakeFiles/zephyr.dir/lib/os/cbprintf_complete.c.obj
2026-09-18T23:45:32.143Z [96/363] Building C object zephyr/CMakeFiles/zephyr.dir/lib/utils/last_section_id.c.obj
2026-09-18T23:45:32.176Z [97/363] Linking C static library modules\nrf\subsys\nrf_security\src\core\nrf_oberon\libpsa_core.a
2026-09-18T23:45:32.215Z [98/363] Building C object zephyr/CMakeFiles/zephyr.dir/lib/os/mpsc_pbuf.c.obj
2026-09-18T23:45:32.254Z [99/363] Building C object zephyr/CMakeFiles/zephyr.dir/lib/utils/ring_buffer.c.obj
2026-09-18T23:45:32.288Z [100/363] Building C object zephyr/CMakeFiles/zephyr.dir/misc/generated/configs.c.obj
2026-09-18T23:45:32.318Z [101/363] Building C object zephyr/CMakeFiles/zephyr.dir/lib/utils/rb.c.obj
2026-09-18T23:45:32.361Z [102/363] Building C object zephyr/CMakeFiles/zephyr.dir/lib/utils/getopt/getopt_common.c.obj
2026-09-18T23:45:32.397Z [103/363] Building C object zephyr/CMakeFiles/zephyr.dir/lib/utils/notify.c.obj
2026-09-18T23:45:32.445Z [104/363] Building C object zephyr/CMakeFiles/zephyr.dir/lib/utils/bitarray.c.obj
2026-09-18T23:45:32.476Z [105/363] Building C object zephyr/CMakeFiles/zephyr.dir/lib/utils/getopt/getopt.c.obj
2026-09-18T23:45:32.534Z [106/363] Building C object zephyr/CMakeFiles/zephyr.dir/lib/utils/onoff.c.obj
2026-09-18T23:45:32.564Z [107/363] Building C object CMakeFiles/app.dir/src/main.c.obj
2026-09-18T23:45:32.613Z [108/363] Building C object zephyr/CMakeFiles/zephyr.dir/subsys/logging/log_cache.c.obj
2026-09-18T23:45:32.696Z [109/363] Building C object CMakeFiles/app.dir/src/pqclean/common/sha2.c.obj
2026-09-18T23:45:32.780Z [110/363] Building C object zephyr/CMakeFiles/zephyr.dir/subsys/storage/flash_map/flash_map.c.obj
2026-09-18T23:45:32.823Z [111/363] Building C object zephyr/CMakeFiles/zephyr.dir/subsys/logging/log_core.c.obj
2026-09-18T23:45:32.863Z [112/363] Building C object zephyr/CMakeFiles/zephyr.dir/subsys/ipc/ipc_service/lib/ipc_rpmsg.c.obj
2026-09-18T23:45:32.902Z [113/363] Building C object zephyr/CMakeFiles/zephyr.dir/subsys/logging/log_mgmt.c.obj
2026-09-18T23:45:32.927Z [114/363] Building C object zephyr/CMakeFiles/zephyr.dir/subsys/logging/log_msg.c.obj
2026-09-18T23:45:33.008Z [115/363] Building C object zephyr/CMakeFiles/zephyr.dir/subsys/ipc/ipc_service/lib/ipc_static_vrings.c.obj
2026-09-18T23:45:33.046Z [116/363] Building C object zephyr/CMakeFiles/zephyr.dir/subsys/storage/flash_map/flash_map_layout.c.obj
2026-09-18T23:45:33.091Z [117/363] Building C object zephyr/CMakeFiles/zephyr.dir/subsys/mem_mgmt/mem_attr.c.obj
2026-09-18T23:45:33.108Z [118/363] Building C object zephyr/CMakeFiles/zephyr.dir/subsys/logging/backends/log_backend_uart.c.obj
2026-09-18T23:45:33.146Z [119/363] Building C object zephyr/CMakeFiles/zephyr.dir/subsys/logging/log_output.c.obj
2026-09-18T23:45:33.183Z [120/363] Building C object zephyr/CMakeFiles/zephyr.dir/subsys/fs/nvs/nvs.c.obj
2026-09-18T23:45:33.229Z [121/363] Building C object zephyr/CMakeFiles/zephyr.dir/subsys/ipc/ipc_service/backends/ipc_rpmsg_static_vrings.c.obj
2026-09-18T23:45:33.277Z [122/363] Building C object zephyr/CMakeFiles/zephyr.dir/subsys/ipc/ipc_service/ipc_service.c.obj
2026-09-18T23:45:33.320Z [123/363] Building C object zephyr/CMakeFiles/zephyr.dir/subsys/storage/flash_map/flash_map_default.c.obj
2026-09-18T23:45:33.356Z [124/363] Building C object zephyr/CMakeFiles/zephyr.dir/subsys/tracing/tracing_none.c.obj
2026-09-18T23:45:33.393Z [125/363] Building C object zephyr/CMakeFiles/zephyr.dir/subsys/settings/src/settings_store.c.obj
2026-09-18T23:45:33.432Z [126/363] Building C object zephyr/CMakeFiles/zephyr.dir/subsys/settings/src/settings_init.c.obj
2026-09-18T23:45:33.480Z [127/363] Building C object zephyr/CMakeFiles/zephyr.dir/subsys/settings/src/settings.c.obj
2026-09-18T23:45:33.539Z [128/363] Building C object zephyr/CMakeFiles/zephyr.dir/subsys/settings/src/settings_nvs.c.obj
2026-09-18T23:45:33.573Z [129/363] Building C object zephyr/CMakeFiles/zephyr.dir/C_/ncs/v3.3.3/nrf/lib/boot_banner/banner.c.obj
2026-09-18T23:45:33.609Z [130/363] Building C object zephyr/CMakeFiles/zephyr.dir/subsys/settings/src/settings_line.c.obj
2026-09-18T23:45:33.650Z [131/363] Linking C static library zephyr\arch\common\libisr_tables.a
2026-09-18T23:45:33.681Z [132/363] Building C object zephyr/CMakeFiles/zephyr.dir/drivers/flash/flash_util.c.obj
2026-09-18T23:45:33.717Z [133/363] Building C object zephyr/arch/common/CMakeFiles/arch__common.dir/init.c.obj
2026-09-18T23:45:33.754Z [134/363] Building C object zephyr/CMakeFiles/zephyr.dir/C_/ncs/v3.3.3/nrfxlib/crypto/nrf_cc312_platform/src/nrf_cc3xx_platform_abort_zephyr.c.obj
2026-09-18T23:45:33.793Z [135/363] Building C object zephyr/CMakeFiles/zephyr.dir/C_/ncs/v3.3.3/nrf/subsys/bluetooth/services/nus.c.obj
2026-09-18T23:45:33.828Z [136/363] Building ASM object zephyr/arch/arch/arm/core/CMakeFiles/arch__arm__core.dir/nmi_on_reset.S.obj
2026-09-18T23:45:33.865Z [137/363] Building C object zephyr/CMakeFiles/zephyr.dir/C_/ncs/v3.3.3/nrf/subsys/bluetooth/host_extensions/host_extensions.c.obj
2026-09-18T23:45:33.914Z [138/363] Building C object zephyr/arch/common/CMakeFiles/arch__common.dir/sw_isr_common.c.obj
2026-09-18T23:45:33.949Z [139/363] Building C object zephyr/CMakeFiles/zephyr.dir/C_/ncs/v3.3.3/nrf/subsys/bluetooth/hci_vs_sdc.c.obj
2026-09-18T23:45:33.992Z [140/363] Building ASM object zephyr/arch/arch/arm/core/cortex_m/CMakeFiles/arch__arm__core__cortex_m.dir/vector_table.S.obj
2026-09-18T23:45:34.027Z [141/363] Building C object zephyr/CMakeFiles/zephyr.dir/C_/ncs/v3.3.3/nrfxlib/crypto/nrf_cc312_platform/src/nrf_cc3xx_platform_mutex_zephyr.c.obj
2026-09-18T23:45:34.064Z [142/363] Building C object zephyr/arch/common/CMakeFiles/arch__common.dir/xip.c.obj
2026-09-18T23:45:34.106Z [143/363] Building ASM object zephyr/arch/arch/arm/core/cortex_m/CMakeFiles/arch__arm__core__cortex_m.dir/fault_s.S.obj
2026-09-18T23:45:34.146Z [144/363] Building C object zephyr/arch/arch/arm/core/CMakeFiles/arch__arm__core.dir/nmi.c.obj
2026-09-18T23:45:34.182Z [145/363] Building ASM object zephyr/arch/arch/arm/core/cortex_m/CMakeFiles/arch__arm__core__cortex_m.dir/reset.S.obj
2026-09-18T23:45:34.218Z [146/363] Building ASM object zephyr/arch/arch/arm/core/cortex_m/CMakeFiles/arch__arm__core__cortex_m.dir/__aeabi_read_tp.S.obj
2026-09-18T23:45:34.258Z [147/363] Building C object zephyr/arch/arch/arm/core/CMakeFiles/arch__arm__core.dir/tls.c.obj
2026-09-18T23:45:34.303Z [148/363] Building C object zephyr/arch/arch/arm/core/CMakeFiles/arch__arm__core.dir/fatal.c.obj
2026-09-18T23:45:34.337Z [149/363] Building C object zephyr/arch/arch/arm/core/cortex_m/CMakeFiles/arch__arm__core__cortex_m.dir/exc_exit.c.obj
2026-09-18T23:45:34.392Z [150/363] Generating linker_zephyr_pre0.cmd
2026-09-18T23:45:34.426Z [151/363] Building C object zephyr/arch/arch/arm/core/cortex_m/CMakeFiles/arch__arm__core__cortex_m.dir/fpu.c.obj
2026-09-18T23:45:34.461Z [152/363] Building ASM object zephyr/arch/arch/arm/core/cortex_m/CMakeFiles/arch__arm__core__cortex_m.dir/swap_helper.S.obj
2026-09-18T23:45:34.494Z [153/363] Building C object zephyr/arch/arch/arm/core/cortex_m/CMakeFiles/arch__arm__core__cortex_m.dir/scb.c.obj
2026-09-18T23:45:34.528Z [154/363] Building C object zephyr/arch/arch/arm/core/cortex_m/CMakeFiles/arch__arm__core__cortex_m.dir/thread_abort.c.obj
2026-09-18T23:45:34.566Z [155/363] Building C object zephyr/arch/arch/arm/core/cortex_m/CMakeFiles/arch__arm__core__cortex_m.dir/irq_manage.c.obj
2026-09-18T23:45:34.601Z [156/363] Building C object zephyr/arch/arch/arm/core/cortex_m/CMakeFiles/arch__arm__core__cortex_m.dir/prep_c.c.obj
2026-09-18T23:45:34.636Z [157/363] Building C object zephyr/arch/arch/arm/core/cortex_m/CMakeFiles/arch__arm__core__cortex_m.dir/irq_init.c.obj
2026-09-18T23:45:34.670Z [158/363] Building C object zephyr/arch/arch/arm/core/cortex_m/CMakeFiles/arch__arm__core__cortex_m.dir/thread.c.obj
2026-09-18T23:45:34.717Z [159/363] Building C object zephyr/arch/arch/arm/core/cortex_m/CMakeFiles/arch__arm__core__cortex_m.dir/fault.c.obj
2026-09-18T23:45:34.759Z [160/363] Building C object zephyr/arch/arch/arm/core/cortex_m/CMakeFiles/arch__arm__core__cortex_m.dir/isr_wrapper.c.obj
2026-09-18T23:45:34.792Z [161/363] Building C object zephyr/arch/arch/arm/core/cortex_m/CMakeFiles/arch__arm__core__cortex_m.dir/cpu_idle.c.obj
2026-09-18T23:45:34.828Z [162/363] Building C object zephyr/arch/arch/arm/core/mpu/CMakeFiles/arch__arm__core__mpu.dir/arm_mpu_regions.c.obj
2026-09-18T23:45:34.862Z [163/363] Building C object zephyr/arch/arch/arm/core/cortex_m/cmse/CMakeFiles/arch__arm__core__cortex_m__cmse.dir/arm_core_cmse.c.obj
2026-09-18T23:45:34.897Z [164/363] Building C object zephyr/arch/arch/arm/core/mpu/CMakeFiles/arch__arm__core__mpu.dir/arm_core_mpu.c.obj
2026-09-18T23:45:34.933Z [165/363] Building C object zephyr/lib/libc/picolibc/CMakeFiles/lib__libc__picolibc.dir/cbprintf.c.obj
2026-09-18T23:45:34.972Z [166/363] Building C object zephyr/lib/libc/picolibc/CMakeFiles/lib__libc__picolibc.dir/chk_fail.c.obj
2026-09-18T23:45:35.036Z [167/363] Building C object zephyr/lib/libc/common/CMakeFiles/lib__libc__common.dir/source/time/time.c.obj
2026-09-18T23:45:35.070Z [168/363] Building C object zephyr/lib/libc/picolibc/CMakeFiles/lib__libc__picolibc.dir/errno_wrap.c.obj
2026-09-18T23:45:35.124Z [169/363] Building C object zephyr/lib/libc/picolibc/CMakeFiles/lib__libc__picolibc.dir/assert.c.obj
2026-09-18T23:45:35.164Z [170/363] Building C object zephyr/lib/libc/picolibc/CMakeFiles/lib__libc__picolibc.dir/exit.c.obj
2026-09-18T23:45:35.201Z [171/363] Building C object zephyr/lib/libc/common/CMakeFiles/lib__libc__common.dir/source/stdlib/abort.c.obj
2026-09-18T23:45:35.239Z [172/363] Building C object zephyr/lib/libc/picolibc/CMakeFiles/lib__libc__picolibc.dir/stdio.c.obj
2026-09-18T23:45:35.277Z [173/363] Building C object zephyr/lib/posix/c_lib_ext/CMakeFiles/lib__posix__c_lib_ext.dir/fnmatch.c.obj
2026-09-18T23:45:35.316Z [174/363] Building C object zephyr/lib/libc/picolibc/CMakeFiles/lib__libc__picolibc.dir/locks.c.obj
2026-09-18T23:45:35.366Z [175/363] Building C object zephyr/subsys/bluetooth/common/CMakeFiles/subsys__bluetooth__common.dir/addr.c.obj
2026-09-18T23:45:35.399Z [176/363] Building C object zephyr/arch/arch/arm/core/mpu/CMakeFiles/arch__arm__core__mpu.dir/arm_mpu.c.obj
2026-09-18T23:45:35.437Z [177/363] Building C object zephyr/lib/posix/c_lib_ext/CMakeFiles/lib__posix__c_lib_ext.dir/getentropy.c.obj
2026-09-18T23:45:35.468Z [178/363] Building C object zephyr/lib/libc/common/CMakeFiles/lib__libc__common.dir/source/stdlib/malloc.c.obj
2026-09-18T23:45:35.513Z [179/363] Building C object zephyr/lib/posix/c_lib_ext/CMakeFiles/lib__posix__c_lib_ext.dir/getopt_shim.c.obj
2026-09-18T23:45:35.547Z [180/363] Building C object zephyr/soc/soc/nrf5340/CMakeFiles/soc__nordic.dir/validate_base_addresses.c.obj
2026-09-18T23:45:35.583Z [181/363] Building C object zephyr/soc/soc/nrf5340/CMakeFiles/soc__nordic.dir/validate_binding_headers.c.obj
2026-09-18T23:45:35.625Z [182/363] Building C object zephyr/soc/soc/nrf5340/CMakeFiles/soc__nordic.dir/validate_enabled_instances.c.obj
2026-09-18T23:45:35.659Z [183/363] Building C object zephyr/lib/net_buf/CMakeFiles/lib__net_buf.dir/buf.c.obj
2026-09-18T23:45:35.699Z [184/363] Building C object zephyr/lib/net_buf/CMakeFiles/lib__net_buf.dir/buf_simple.c.obj
2026-09-18T23:45:35.749Z [185/363] Building C object zephyr/soc/soc/nrf5340/CMakeFiles/soc__nordic.dir/common/reboot.c.obj
2026-09-18T23:45:35.782Z [186/363] Building C object zephyr/soc/soc/nrf5340/CMakeFiles/soc__nordic.dir/common/gppi_init.c.obj
2026-09-18T23:45:35.818Z [187/363] Building C object zephyr/subsys/random/CMakeFiles/subsys__random.dir/random_entropy_device.c.obj
2026-09-18T23:45:35.853Z [188/363] Building C object zephyr/subsys/bluetooth/common/CMakeFiles/subsys__bluetooth__common.dir/dummy.c.obj
2026-09-18T23:45:35.889Z [189/363] Building C object zephyr/subsys/bluetooth/host/CMakeFiles/subsys__bluetooth__host.dir/addr.c.obj
2026-09-18T23:45:35.934Z [190/363] Building C object zephyr/subsys/bluetooth/host/CMakeFiles/subsys__bluetooth__host.dir/uuid.c.obj
2026-09-18T23:45:35.985Z [191/363] Building C object zephyr/subsys/bluetooth/common/CMakeFiles/subsys__bluetooth__common.dir/bt_str.c.obj
2026-09-18T23:45:36.023Z [192/363] Building C object zephyr/soc/soc/nrf5340/CMakeFiles/soc__nordic.dir/nrf53/soc.c.obj
2026-09-18T23:45:36.056Z [193/363] Building C object zephyr/subsys/bluetooth/host/CMakeFiles/subsys__bluetooth__host.dir/long_wq.c.obj
2026-09-18T23:45:36.101Z [194/363] Building C object zephyr/subsys/bluetooth/common/CMakeFiles/subsys__bluetooth__common.dir/rpa.c.obj
2026-09-18T23:45:36.132Z [195/363] Building C object zephyr/soc/soc/nrf5340/CMakeFiles/soc__nordic.dir/nrf53/nrf53_cpunet_mgmt.c.obj
2026-09-18T23:45:36.178Z [196/363] Building C object zephyr/soc/soc/nrf5340/CMakeFiles/soc__nordic.dir/common/gpiote_nrfx.c.obj
2026-09-18T23:45:36.210Z [197/363] Building C object zephyr/subsys/bluetooth/host/CMakeFiles/subsys__bluetooth__host.dir/data.c.obj
2026-09-18T23:45:36.246Z [198/363] Building C object zephyr/subsys/bluetooth/host/CMakeFiles/subsys__bluetooth__host.dir/buf.c.obj
2026-09-18T23:45:36.288Z [199/363] Building C object zephyr/subsys/bluetooth/host/CMakeFiles/subsys__bluetooth__host.dir/hci_common.c.obj
2026-09-18T23:45:36.383Z [200/363] Building C object zephyr/subsys/bluetooth/host/CMakeFiles/subsys__bluetooth__host.dir/settings.c.obj
2026-09-18T23:45:36.605Z [201/363] Building C object zephyr/subsys/crc/CMakeFiles/subsys__crc.dir/crc4_sw.c.obj
2026-09-18T23:45:36.641Z [202/363] Building C object zephyr/subsys/crc/CMakeFiles/subsys__crc.dir/crc16_sw.c.obj
2026-09-18T23:45:36.702Z [203/363] Building C object zephyr/subsys/crc/CMakeFiles/subsys__crc.dir/crc8_sw.c.obj
2026-09-18T23:45:36.742Z [204/363] Building C object zephyr/subsys/crc/CMakeFiles/subsys__crc.dir/crc24_sw.c.obj
2026-09-18T23:45:36.779Z [205/363] Building C object zephyr/subsys/crc/CMakeFiles/subsys__crc.dir/crc32c_sw.c.obj
2026-09-18T23:45:36.815Z [206/363] Building C object zephyr/subsys/bluetooth/host/CMakeFiles/subsys__bluetooth__host.dir/adv.c.obj
2026-09-18T23:45:36.858Z [207/363] Building C object zephyr/subsys/bluetooth/host/CMakeFiles/subsys__bluetooth__host.dir/ecc.c.obj
2026-09-18T23:45:36.902Z [208/363] Building C object zephyr/subsys/crc/CMakeFiles/subsys__crc.dir/crc7_sw.c.obj
2026-09-18T23:45:36.945Z [209/363] Building C object zephyr/subsys/crc/CMakeFiles/subsys__crc.dir/crc32k_4_2_sw.c.obj
2026-09-18T23:45:37.034Z [210/363] Building C object zephyr/subsys/bluetooth/host/CMakeFiles/subsys__bluetooth__host.dir/crypto_psa.c.obj
2026-09-18T23:45:37.097Z [211/363] Building C object zephyr/subsys/crc/CMakeFiles/subsys__crc.dir/crc32_sw.c.obj
2026-09-18T23:45:37.159Z [212/363] Building C object zephyr/subsys/bluetooth/crypto/CMakeFiles/subsys__bluetooth__crypto.dir/bt_crypto_psa.c.obj
2026-09-18T23:45:37.344Z [213/363] Building C object zephyr/drivers/flash/CMakeFiles/drivers__flash.dir/flash_page_layout.c.obj
2026-09-18T23:45:37.382Z [214/363] Building C object zephyr/drivers/bluetooth/CMakeFiles/drivers__bluetooth.dir/hci/nrf53_support.c.obj
2026-09-18T23:45:37.442Z [215/363] Building C object zephyr/subsys/bluetooth/crypto/CMakeFiles/subsys__bluetooth__crypto.dir/bt_crypto.c.obj
2026-09-18T23:45:37.474Z [216/363] Building C object zephyr/drivers/console/CMakeFiles/drivers__console.dir/uart_console.c.obj
2026-09-18T23:45:37.509Z [217/363] Building C object zephyr/subsys/bluetooth/host/CMakeFiles/subsys__bluetooth__host.dir/keys.c.obj
2026-09-18T23:45:37.584Z [218/363] Building C object zephyr/drivers/flash/CMakeFiles/drivers__flash.dir/jesd216.c.obj
2026-09-18T23:45:37.618Z [219/363] Building C object zephyr/drivers/clock_control/CMakeFiles/drivers__clock_control.dir/clock_control_nrf.c.obj
2026-09-18T23:45:37.719Z [220/363] Building C object zephyr/drivers/entropy/CMakeFiles/drivers__entropy.dir/C_/ncs/v3.3.3/nrf/drivers/entropy/entropy_cc3xx.c.obj
2026-09-18T23:45:37.793Z [221/363] Building C object zephyr/drivers/pinctrl/CMakeFiles/drivers__pinctrl.dir/common.c.obj
2026-09-18T23:45:37.863Z [222/363] Building C object zephyr/drivers/bluetooth/CMakeFiles/drivers__bluetooth.dir/hci/ipc.c.obj
2026-09-18T23:45:37.916Z [223/363] Building C object zephyr/subsys/bluetooth/host/CMakeFiles/subsys__bluetooth__host.dir/l2cap.c.obj
2026-09-18T23:45:37.984Z [224/363] Building C object zephyr/subsys/bluetooth/host/CMakeFiles/subsys__bluetooth__host.dir/id.c.obj
2026-09-18T23:45:38.018Z [225/363] Building C object zephyr/drivers/mbox/CMakeFiles/drivers__mbox.dir/mbox_nrfx_ipc.c.obj
2026-09-18T23:45:38.067Z [226/363] Linking C static library modules\nrf\subsys\nrf_security\src\libmbedcrypto.a
2026-09-18T23:45:38.113Z [227/363] Building C object zephyr/drivers/timer/CMakeFiles/drivers__timer.dir/sys_clock_init.c.obj
2026-09-18T23:45:38.159Z [228/363] Building C object zephyr/drivers/flash/CMakeFiles/drivers__flash.dir/soc_flash_nrf.c.obj
2026-09-18T23:45:38.361Z [229/363] Building C object zephyr/drivers/pinctrl/CMakeFiles/drivers__pinctrl.dir/pinctrl_nrf.c.obj
2026-09-18T23:45:38.399Z [230/363] Building C object zephyr/drivers/timer/CMakeFiles/drivers__timer.dir/nrf_rtc_timer.c.obj
2026-09-18T23:45:38.440Z [231/363] Building C object modules/nrf/subsys/nrf_security/src/zephyr/CMakeFiles/mbedtls_zephyr.dir/mbedtls_heap.c.obj
2026-09-18T23:45:38.520Z [232/363] Building C object modules/nrf/subsys/nrf_security/src/zephyr/CMakeFiles/mbedtls_zephyr.dir/psa_crypto_init.c.obj
2026-09-18T23:45:38.550Z [233/363] Building C object zephyr/drivers/flash/CMakeFiles/drivers__flash.dir/nrf_qspi_nor.c.obj
2026-09-18T23:45:38.596Z [234/363] Building C object modules/hal_nordic/modules/hal_nordic/nrfx/CMakeFiles/nrfx.dir/C_/ncs/v3.3.3/modules/hal/nordic/nrfx/bsp/stable/mdk/system_nrf5340_application.c.obj
2026-09-18T23:45:38.661Z [235/363] Building C object zephyr/drivers/gpio/CMakeFiles/drivers__gpio.dir/gpio_nrfx.c.obj
2026-09-18T23:45:38.697Z [236/363] Building C object modules/nrf/drivers/hw_cc3xx/CMakeFiles/..__nrf__drivers__hw_cc3xx.dir/hw_cc3xx.c.obj
2026-09-18T23:45:38.735Z [237/363] Building C object modules/nrf/lib/dk_buttons_and_leds/CMakeFiles/..__nrf__lib__dk_buttons_and_leds.dir/dk_buttons_and_leds.c.obj
2026-09-18T23:45:38.792Z [238/363] Building C object modules/hal_nordic/modules/hal_nordic/nrfx/CMakeFiles/nrfx.dir/nrfx_glue.c.obj
2026-09-18T23:45:38.827Z [239/363] Building C object modules/hal_nordic/modules/hal_nordic/nrfx/CMakeFiles/nrfx.dir/C_/ncs/v3.3.3/modules/hal/nordic/nrfx/helpers/nrfx_ram_ctrl.c.obj
2026-09-18T23:45:38.860Z [240/363] Building C object modules/hal_nordic/modules/hal_nordic/nrfx/CMakeFiles/nrfx.dir/C_/ncs/v3.3.3/modules/hal/nordic/nrfx/helpers/nrfx_flag32_allocator.c.obj
2026-09-18T23:45:38.895Z [241/363] Building C object zephyr/subsys/bluetooth/host/CMakeFiles/subsys__bluetooth__host.dir/att.c.obj
2026-09-18T23:45:38.948Z [242/363] Building C object zephyr/subsys/bluetooth/host/CMakeFiles/subsys__bluetooth__host.dir/conn.c.obj
2026-09-18T23:45:38.992Z [243/363] Building C object zephyr/subsys/bluetooth/host/CMakeFiles/subsys__bluetooth__host.dir/smp.c.obj
2026-09-18T23:45:39.027Z [244/363] Building C object modules/hal_nordic/modules/hal_nordic/nrfx/CMakeFiles/nrfx.dir/C_/ncs/v3.3.3/modules/hal/nordic/nrfx/drivers/src/nrfx_clock_hfclkaudio.c.obj
2026-09-18T23:45:39.060Z [245/363] Building C object modules/hal_nordic/modules/hal_nordic/nrfx/CMakeFiles/nrfx.dir/C_/ncs/v3.3.3/modules/hal/nordic/nrfx/drivers/src/nrfx_clock.c.obj
2026-09-18T23:45:39.156Z [246/363] Building C object modules/hal_nordic/modules/hal_nordic/nrfx/CMakeFiles/nrfx.dir/C_/ncs/v3.3.3/modules/hal/nordic/nrfx/drivers/src/nrfx_clock_xo24m.c.obj
2026-09-18T23:45:39.192Z [247/363] Building C object zephyr/subsys/bluetooth/host/CMakeFiles/subsys__bluetooth__host.dir/gatt.c.obj
2026-09-18T23:45:39.225Z [248/363] Building C object modules/hal_nordic/modules/hal_nordic/nrfx/CMakeFiles/nrfx.dir/C_/ncs/v3.3.3/modules/hal/nordic/nrfx/drivers/src/nrfx_clock_lfclk.c.obj
2026-09-18T23:45:39.262Z [249/363] Building C object modules/hal_nordic/modules/hal_nordic/nrfx/CMakeFiles/nrfx.dir/C_/ncs/v3.3.3/modules/hal/nordic/nrfx/drivers/src/nrfx_clock_hfclk.c.obj
2026-09-18T23:45:39.320Z [250/363] Building C object modules/hal_nordic/modules/hal_nordic/nrfx/CMakeFiles/nrfx.dir/C_/ncs/v3.3.3/modules/hal/nordic/nrfx/drivers/src/nrfx_clock_hfclk192m.c.obj
2026-09-18T23:45:39.357Z [251/363] Building C object modules/hal_nordic/modules/hal_nordic/nrfx/CMakeFiles/nrfx.dir/C_/ncs/v3.3.3/modules/hal/nordic/nrfx/drivers/src/nrfx_clock_xo.c.obj
2026-09-18T23:45:39.426Z [252/363] Building C object modules/hal_nordic/modules/hal_nordic/nrfx/CMakeFiles/nrfx.dir/C_/ncs/v3.3.3/modules/hal/nordic/nrfx/helpers/nrfx_gppi_dppi.c.obj
2026-09-18T23:45:39.485Z [253/363] Building C object modules/libmetal/libmetal/lib/CMakeFiles/metal.dir/version.c.obj
2026-09-18T23:45:39.600Z [254/363] Building C object modules/hal_nordic/modules/hal_nordic/nrfx/CMakeFiles/nrfx.dir/C_/ncs/v3.3.3/modules/hal/nordic/nrfx/drivers/src/nrfx_ipc.c.obj
2026-09-18T23:45:39.665Z [255/363] Building C object modules/hal_nordic/modules/hal_nordic/nrfx/CMakeFiles/nrfx.dir/C_/ncs/v3.3.3/modules/hal/nordic/nrfx/drivers/src/nrfx_nvmc.c.obj
2026-09-18T23:45:39.704Z [256/363] Building C object modules/libmetal/libmetal/lib/CMakeFiles/metal.dir/init.c.obj
2026-09-18T23:45:39.746Z [257/363] Building C object modules/libmetal/libmetal/lib/CMakeFiles/metal.dir/irq.c.obj
2026-09-18T23:45:39.781Z [258/363] Building C object modules/libmetal/libmetal/lib/CMakeFiles/metal.dir/dma.c.obj
2026-09-18T23:45:39.830Z [259/363] Building C object zephyr/subsys/bluetooth/host/CMakeFiles/subsys__bluetooth__host.dir/hci_core.c.obj
2026-09-18T23:45:39.882Z [260/363] Building C object modules/libmetal/libmetal/lib/CMakeFiles/metal.dir/device.c.obj
2026-09-18T23:45:39.919Z [261/363] Building C object modules/libmetal/libmetal/lib/CMakeFiles/metal.dir/log.c.obj
2026-09-18T23:45:39.972Z [262/363] Building C object modules/libmetal/libmetal/lib/CMakeFiles/metal.dir/softirq.c.obj
2026-09-18T23:45:40.013Z [263/363] Building C object modules/libmetal/libmetal/lib/CMakeFiles/metal.dir/io.c.obj
2026-09-18T23:45:40.052Z [264/363] Building C object modules/libmetal/libmetal/lib/CMakeFiles/metal.dir/system/zephyr/alloc.c.obj
2026-09-18T23:45:40.087Z [265/363] Building C object modules/libmetal/libmetal/lib/CMakeFiles/metal.dir/system/zephyr/condition.c.obj
2026-09-18T23:45:40.118Z [266/363] Building C object modules/libmetal/libmetal/lib/CMakeFiles/metal.dir/system/zephyr/device.c.obj
2026-09-18T23:45:40.156Z [267/363] Building C object modules/libmetal/libmetal/lib/CMakeFiles/metal.dir/shmem.c.obj
2026-09-18T23:45:40.205Z [268/363] Building C object modules/libmetal/libmetal/lib/CMakeFiles/metal.dir/system/zephyr/init.c.obj
2026-09-18T23:45:40.239Z [269/363] Building C object modules/hal_nordic/modules/hal_nordic/nrfx/CMakeFiles/nrfx.dir/C_/ncs/v3.3.3/modules/hal/nordic/nrfx/drivers/src/nrfx_qspi.c.obj
2026-09-18T23:45:40.301Z [270/363] Building C object modules/libmetal/libmetal/lib/CMakeFiles/metal.dir/system/zephyr/log.c.obj
2026-09-18T23:45:40.333Z [271/363] Building C object modules/open-amp/open-amp/lib/CMakeFiles/open_amp.dir/version.c.obj
2026-09-18T23:45:40.379Z [272/363] Building C object modules/libmetal/libmetal/lib/CMakeFiles/metal.dir/system/zephyr/irq.c.obj
2026-09-18T23:45:40.422Z [273/363] Building C object modules/libmetal/libmetal/lib/CMakeFiles/metal.dir/system/zephyr/time.c.obj
2026-09-18T23:45:40.462Z [274/363] Building C object modules/hal_nordic/modules/hal_nordic/nrfx/CMakeFiles/nrfx.dir/C_/ncs/v3.3.3/modules/hal/nordic/nrfx/drivers/src/nrfx_uarte.c.obj
2026-09-18T23:45:40.514Z [275/363] Building C object modules/libmetal/libmetal/lib/CMakeFiles/metal.dir/system/zephyr/shmem.c.obj
2026-09-18T23:45:40.551Z [276/363] Building C object modules/libmetal/libmetal/lib/CMakeFiles/metal.dir/system/zephyr/sys.c.obj
2026-09-18T23:45:40.583Z [277/363] Building C object modules/open-amp/open-amp/lib/CMakeFiles/open_amp.dir/virtio/virtio.c.obj
2026-09-18T23:45:40.818Z [278/363] Building C object modules/hal_nordic/modules/hal_nordic/nrfx/CMakeFiles/nrfx.dir/C_/ncs/v3.3.3/modules/hal/nordic/nrfx/drivers/src/nrfx_gpiote.c.obj
2026-09-18T23:45:40.851Z [279/363] Building C object modules/open-amp/open-amp/lib/CMakeFiles/open_amp.dir/virtio/virtqueue.c.obj
2026-09-18T23:45:40.888Z [280/363] Building C object modules/open-amp/open-amp/lib/CMakeFiles/open_amp.dir/rpmsg/rpmsg.c.obj
2026-09-18T23:45:40.928Z [281/363] Building C object zephyr/kernel/CMakeFiles/kernel.dir/banner.c.obj
2026-09-18T23:45:40.968Z [282/363] Building C object modules/open-amp/open-amp/lib/CMakeFiles/open_amp.dir/remoteproc/elf_loader.c.obj
2026-09-18T23:45:41.003Z [283/363] Building C object modules/segger/CMakeFiles/modules__segger.dir/SEGGER_RTT_zephyr.c.obj
2026-09-18T23:45:41.036Z [284/363] Building C object modules/open-amp/open-amp/lib/CMakeFiles/open_amp.dir/remoteproc/rsc_table_parser.c.obj
2026-09-18T23:45:41.073Z [285/363] Building C object modules/open-amp/open-amp/lib/CMakeFiles/open_amp.dir/rpmsg/rpmsg_virtio.c.obj
2026-09-18T23:45:41.109Z [286/363] Building C object modules/segger/CMakeFiles/modules__segger.dir/C_/ncs/v3.3.3/modules/debug/segger/SEGGER/SEGGER_RTT.c.obj
2026-09-18T23:45:41.149Z [287/363] Building C object zephyr/kernel/CMakeFiles/kernel.dir/busy_wait.c.obj
2026-09-18T23:45:41.200Z [288/363] Building C object zephyr/kernel/CMakeFiles/kernel.dir/main_weak.c.obj
2026-09-18T23:45:41.237Z [289/363] Building C object modules/open-amp/open-amp/lib/CMakeFiles/open_amp.dir/utils/utilities.c.obj
2026-09-18T23:45:41.275Z [290/363] Building C object modules/open-amp/open-amp/lib/CMakeFiles/open_amp.dir/remoteproc/remoteproc_virtio.c.obj
2026-09-18T23:45:41.312Z [291/363] Building C object zephyr/drivers/serial/CMakeFiles/drivers__serial.dir/uart_nrfx_uarte.c.obj
2026-09-18T23:45:41.346Z [292/363] Building C object zephyr/kernel/CMakeFiles/kernel.dir/device.c.obj
2026-09-18T23:45:41.394Z [293/363] Building C object zephyr/kernel/CMakeFiles/kernel.dir/errno.c.obj
2026-09-18T23:45:41.440Z [294/363] Building C object modules/open-amp/open-amp/lib/CMakeFiles/open_amp.dir/remoteproc/remoteproc.c.obj
2026-09-18T23:45:41.478Z [295/363] Building C object zephyr/kernel/CMakeFiles/kernel.dir/version.c.obj
2026-09-18T23:45:41.517Z [296/363] Building C object zephyr/kernel/CMakeFiles/kernel.dir/fatal.c.obj
2026-09-18T23:45:41.558Z [297/363] Building C object zephyr/kernel/CMakeFiles/kernel.dir/init.c.obj
2026-09-18T23:45:41.578Z [298/363] Building C object zephyr/kernel/CMakeFiles/kernel.dir/kheap.c.obj
2026-09-18T23:45:41.599Z [299/363] Building C object zephyr/kernel/CMakeFiles/kernel.dir/mem_slab.c.obj
2026-09-18T23:45:41.636Z [300/363] Building C object zephyr/kernel/CMakeFiles/kernel.dir/float.c.obj
2026-09-18T23:45:41.654Z [301/363] Building C object zephyr/kernel/CMakeFiles/kernel.dir/idle.c.obj
2026-09-18T23:45:41.671Z [302/363] Building C object zephyr/kernel/CMakeFiles/kernel.dir/mailbox.c.obj
2026-09-18T23:45:41.692Z [303/363] Building C object zephyr/kernel/CMakeFiles/kernel.dir/msg_q.c.obj
2026-09-18T23:45:41.760Z [304/363] Building C object zephyr/kernel/CMakeFiles/kernel.dir/sem.c.obj
2026-09-18T23:45:41.785Z [305/363] Building C object zephyr/kernel/CMakeFiles/kernel.dir/system_work_q.c.obj
2026-09-18T23:45:41.880Z [306/363] Building C object zephyr/kernel/CMakeFiles/kernel.dir/stack.c.obj
2026-09-18T23:45:41.899Z [307/363] Building C object zephyr/kernel/CMakeFiles/kernel.dir/queue.c.obj
2026-09-18T23:45:41.918Z [308/363] Building C object zephyr/kernel/CMakeFiles/kernel.dir/mutex.c.obj
2026-09-18T23:45:41.933Z [309/363] Building C object zephyr/kernel/CMakeFiles/kernel.dir/condvar.c.obj
2026-09-18T23:45:41.949Z [310/363] Building C object zephyr/CMakeFiles/zephyr_pre0.dir/misc/empty_file.c.obj
2026-09-18T23:45:42.018Z [311/363] Building C object zephyr/kernel/CMakeFiles/kernel.dir/thread.c.obj
2026-09-18T23:45:42.067Z [312/363] Building C object zephyr/kernel/CMakeFiles/kernel.dir/timeslicing.c.obj
2026-09-18T23:45:42.087Z [313/363] Linking C static library zephyr\arch\arch\arm\core\cortex_m\cmse\libarch__arm__core__cortex_m__cmse.a
2026-09-18T23:45:42.108Z [314/363] Linking C static library zephyr\arch\common\libarch__common.a
2026-09-18T23:45:42.125Z [315/363] Building C object zephyr/kernel/CMakeFiles/kernel.dir/spinlock_validate.c.obj
2026-09-18T23:45:42.142Z [316/363] Building C object zephyr/kernel/CMakeFiles/kernel.dir/pipe.c.obj
2026-09-18T23:45:42.156Z [317/363] Linking C static library app\libapp.a
2026-09-18T23:45:42.174Z [318/363] Building C object zephyr/kernel/CMakeFiles/kernel.dir/work.c.obj
2026-09-18T23:45:42.189Z [319/363] Linking C static library zephyr\arch\arch\arm\core\libarch__arm__core.a
2026-09-18T23:45:42.204Z [320/363] Linking C static library zephyr\arch\arch\arm\core\cortex_m\libarch__arm__core__cortex_m.a
2026-09-18T23:45:42.226Z [321/363] Linking C static library zephyr\arch\arch\arm\core\mpu\libarch__arm__core__mpu.a
2026-09-18T23:45:42.244Z [322/363] Building C object zephyr/kernel/CMakeFiles/kernel.dir/timeout.c.obj
2026-09-18T23:45:42.258Z [323/363] Linking C static library zephyr\lib\libc\common\liblib__libc__common.a
2026-09-18T23:45:42.282Z [324/363] Linking C static library zephyr\lib\libc\picolibc\liblib__libc__picolibc.a
2026-09-18T23:45:42.301Z [325/363] Building C object zephyr/kernel/CMakeFiles/kernel.dir/mempool.c.obj
2026-09-18T23:45:42.317Z [326/363] Building C object zephyr/kernel/CMakeFiles/kernel.dir/dynamic_disabled.c.obj
2026-09-18T23:45:42.332Z [327/363] Building C object zephyr/kernel/CMakeFiles/kernel.dir/timer.c.obj
2026-09-18T23:45:42.349Z [328/363] Linking C static library zephyr\lib\net_buf\liblib__net_buf.a
2026-09-18T23:45:42.369Z [329/363] Linking C static library zephyr\soc\soc\nrf5340\libsoc__nordic.a
2026-09-18T23:45:42.386Z [330/363] Linking C static library zephyr\subsys\random\libsubsys__random.a
2026-09-18T23:45:42.405Z [331/363] Linking C static library zephyr\lib\posix\c_lib_ext\liblib__posix__c_lib_ext.a
2026-09-18T23:45:42.420Z [332/363] Linking C static library zephyr\subsys\bluetooth\common\libsubsys__bluetooth__common.a
2026-09-18T23:45:42.434Z [333/363] Linking C static library zephyr\libzephyr.a
2026-09-18T23:45:42.445Z [334/363] Linking C static library zephyr\subsys\bluetooth\crypto\libsubsys__bluetooth__crypto.a
2026-09-18T23:45:42.480Z [335/363] Building C object zephyr/kernel/CMakeFiles/kernel.dir/poll.c.obj
2026-09-18T23:45:42.481Z [336/363] Linking C static library zephyr\drivers\clock_control\libdrivers__clock_control.a
2026-09-18T23:45:42.512Z [337/363] Linking C static library zephyr\subsys\crc\libsubsys__crc.a
2026-09-18T23:45:42.522Z [338/363] Linking C static library zephyr\drivers\gpio\libdrivers__gpio.a
2026-09-18T23:45:42.528Z [339/363] Linking C static library zephyr\drivers\console\libdrivers__console.a
2026-09-18T23:45:42.530Z [340/363] Linking C static library zephyr\drivers\entropy\libdrivers__entropy.a
2026-09-18T23:45:42.532Z [341/363] Linking C static library zephyr\drivers\serial\libdrivers__serial.a
2026-09-18T23:45:42.536Z [342/363] Linking C static library zephyr\drivers\bluetooth\libdrivers__bluetooth.a
2026-09-18T23:45:42.541Z [343/363] Linking C static library zephyr\drivers\flash\libdrivers__flash.a
2026-09-18T23:45:42.562Z [344/363] Building C object zephyr/kernel/CMakeFiles/kernel.dir/sched.c.obj
2026-09-18T23:45:42.582Z [345/363] Linking C static library zephyr\drivers\mbox\libdrivers__mbox.a
2026-09-18T23:45:42.583Z [346/363] Linking C static library zephyr\drivers\pinctrl\libdrivers__pinctrl.a
2026-09-18T23:45:42.583Z [347/363] Linking C static library zephyr\subsys\bluetooth\host\libsubsys__bluetooth__host.a
2026-09-18T23:45:42.583Z [348/363] Linking C static library modules\nrf\lib\dk_buttons_and_leds\lib..__nrf__lib__dk_buttons_and_leds.a
2026-09-18T23:45:42.583Z [349/363] Linking C static library modules\nrf\subsys\nrf_security\src\zephyr\libmbedtls_zephyr.a
2026-09-18T23:45:42.596Z [350/363] Linking C static library zephyr\drivers\timer\libdrivers__timer.a
2026-09-18T23:45:42.599Z [351/363] Linking C static library modules\nrf\drivers\hw_cc3xx\lib..__nrf__drivers__hw_cc3xx.a
2026-09-18T23:45:42.634Z [352/363] Linking C static library modules\segger\libmodules__segger.a
2026-09-18T23:45:42.660Z [353/363] Linking C static library modules\open-amp\open-amp\lib\libopen_amp.a
2026-09-18T23:45:42.696Z [354/363] Linking C static library modules\hal_nordic\modules\hal_nordic\nrfx\libnrfx.a
2026-09-18T23:45:42.702Z [355/363] Linking C static library modules\libmetal\libmetal\lib\libmetal.a
2026-09-18T23:45:42.811Z [356/363] Linking C static library zephyr\kernel\libkernel.a
2026-09-18T23:45:43.347Z [357/363] Linking C executable zephyr\zephyr_pre0.elf; Logical command for additional byproducts on target: zephyr_pre0
2026-09-18T23:45:43.626Z [358/363] Generating linker.cmd
2026-09-18T23:45:44.008Z [359/363] Generating isr_tables.c, isr_tables_vt.ld, isr_tables_swi.ld
2026-09-18T23:45:44.192Z [360/363] Building C object zephyr/CMakeFiles/zephyr_final.dir/misc/empty_file.c.obj
2026-09-18T23:45:44.353Z [361/363] Building C object zephyr/CMakeFiles/zephyr_final.dir/isr_tables.c.obj
2026-09-18T23:45:45.448Z [362/363] Linking C executable zephyr\zephyr.elf
2026-09-18T23:45:45.449Z Memory region         Used Size  Region Size  %age Used
2026-09-18T23:45:45.449Z            FLASH:      196180 B         1 MB     18.71%
2026-09-18T23:45:45.449Z              RAM:      137668 B       448 KB     30.01%
2026-09-18T23:45:45.449Z         IDT_LIST:          0 GB        32 KB      0.00%
2026-09-18T23:45:45.449Z Generating files from C:/nrf_work/SHAKE2f/peripheral_uart/build/zephyr/zephyr.elf for board: nrf5340dk/nrf5340/cpuapp
