../../../../../../../Drivers/STM32WBxx_HAL_Driver/Inc/stm32wbxx_ll_system.h:2223:26:LL_FLASH_GetUDN	4	static
../../../../../../../Drivers/STM32WBxx_HAL_Driver/Inc/stm32wbxx_ll_system.h:2235:26:LL_FLASH_GetDeviceID	4	static
../../../../../../../Drivers/STM32WBxx_HAL_Driver/Inc/stm32wbxx_ll_system.h:2247:26:LL_FLASH_GetSTCompanyID	4	static
C:/Users/BIG BANG/STM32Cube/Repository/STM32Cube_FW_WB_V1.24.0/Projects/P-NUCLEO-WB55.Nucleo/Applications/My_work/BLE_p2pServer/STM32_WPAN/App/app_ble.c:373:6:APP_BLE_Init	80	static
C:/Users/BIG BANG/STM32Cube/Repository/STM32Cube_FW_WB_V1.24.0/Projects/P-NUCLEO-WB55.Nucleo/Applications/My_work/BLE_p2pServer/STM32_WPAN/App/app_ble.c:535:28:SVCCTL_App_Notification	80	static
C:/Users/BIG BANG/STM32Cube/Repository/STM32Cube_FW_WB_V1.24.0/Projects/P-NUCLEO-WB55.Nucleo/Applications/My_work/BLE_p2pServer/STM32_WPAN/App/app_ble.c:854:22:APP_BLE_Get_Server_Connection_Status	4	static
C:/Users/BIG BANG/STM32Cube/Repository/STM32Cube_FW_WB_V1.24.0/Projects/P-NUCLEO-WB55.Nucleo/Applications/My_work/BLE_p2pServer/STM32_WPAN/App/app_ble.c:860:6:APP_BLE_Key_Button1_Action	8	static
C:/Users/BIG BANG/STM32Cube/Repository/STM32Cube_FW_WB_V1.24.0/Projects/P-NUCLEO-WB55.Nucleo/Applications/My_work/BLE_p2pServer/STM32_WPAN/App/app_ble.c:865:6:APP_BLE_Key_Button2_Action	8	static
C:/Users/BIG BANG/STM32Cube/Repository/STM32Cube_FW_WB_V1.24.0/Projects/P-NUCLEO-WB55.Nucleo/Applications/My_work/BLE_p2pServer/STM32_WPAN/App/app_ble.c:874:6:APP_BLE_Key_Button3_Action	4	static
C:/Users/BIG BANG/STM32Cube/Repository/STM32Cube_FW_WB_V1.24.0/Projects/P-NUCLEO-WB55.Nucleo/Applications/My_work/BLE_p2pServer/STM32_WPAN/App/app_ble.c:885:13:Ble_Tl_Init	16	static
C:/Users/BIG BANG/STM32Cube/Repository/STM32Cube_FW_WB_V1.24.0/Projects/P-NUCLEO-WB55.Nucleo/Applications/My_work/BLE_p2pServer/STM32_WPAN/App/app_ble.c:896:13:Ble_Hci_Gap_Gatt_Init	64	static
C:/Users/BIG BANG/STM32Cube/Repository/STM32Cube_FW_WB_V1.24.0/Projects/P-NUCLEO-WB55.Nucleo/Applications/My_work/BLE_p2pServer/STM32_WPAN/App/app_ble.c:1168:13:Adv_Request	56	static
C:/Users/BIG BANG/STM32Cube/Repository/STM32Cube_FW_WB_V1.24.0/Projects/P-NUCLEO-WB55.Nucleo/Applications/My_work/BLE_p2pServer/STM32_WPAN/App/app_ble.c:1258:16:BleGetBdAddress	32	static
C:/Users/BIG BANG/STM32Cube/Repository/STM32Cube_FW_WB_V1.24.0/Projects/P-NUCLEO-WB55.Nucleo/Applications/My_work/BLE_p2pServer/STM32_WPAN/App/app_ble.c:1315:13:Adv_Cancel	16	static
C:/Users/BIG BANG/STM32Cube/Repository/STM32Cube_FW_WB_V1.24.0/Projects/P-NUCLEO-WB55.Nucleo/Applications/My_work/BLE_p2pServer/STM32_WPAN/App/app_ble.c:1346:13:Adv_Cancel_Req	8	static
C:/Users/BIG BANG/STM32Cube/Repository/STM32Cube_FW_WB_V1.24.0/Projects/P-NUCLEO-WB55.Nucleo/Applications/My_work/BLE_p2pServer/STM32_WPAN/App/app_ble.c:1361:13:Switch_OFF_GPIO	8	static
C:/Users/BIG BANG/STM32Cube/Repository/STM32Cube_FW_WB_V1.24.0/Projects/P-NUCLEO-WB55.Nucleo/Applications/My_work/BLE_p2pServer/STM32_WPAN/App/app_ble.c:1369:6:BLE_SVC_L2CAP_Conn_Update	48	static
C:/Users/BIG BANG/STM32Cube/Repository/STM32Cube_FW_WB_V1.24.0/Projects/P-NUCLEO-WB55.Nucleo/Applications/My_work/BLE_p2pServer/STM32_WPAN/App/app_ble.c:1407:13:Connection_Interval_Update_Req	8	static
C:/Users/BIG BANG/STM32Cube/Repository/STM32Cube_FW_WB_V1.24.0/Projects/P-NUCLEO-WB55.Nucleo/Applications/My_work/BLE_p2pServer/STM32_WPAN/App/app_ble.c:1426:6:hci_notify_asynch_evt	16	static
C:/Users/BIG BANG/STM32Cube/Repository/STM32Cube_FW_WB_V1.24.0/Projects/P-NUCLEO-WB55.Nucleo/Applications/My_work/BLE_p2pServer/STM32_WPAN/App/app_ble.c:1433:6:hci_cmd_resp_release	16	static
C:/Users/BIG BANG/STM32Cube/Repository/STM32Cube_FW_WB_V1.24.0/Projects/P-NUCLEO-WB55.Nucleo/Applications/My_work/BLE_p2pServer/STM32_WPAN/App/app_ble.c:1440:6:hci_cmd_resp_wait	16	static
C:/Users/BIG BANG/STM32Cube/Repository/STM32Cube_FW_WB_V1.24.0/Projects/P-NUCLEO-WB55.Nucleo/Applications/My_work/BLE_p2pServer/STM32_WPAN/App/app_ble.c:1447:13:BLE_UserEvtRx	24	static
C:/Users/BIG BANG/STM32Cube/Repository/STM32Cube_FW_WB_V1.24.0/Projects/P-NUCLEO-WB55.Nucleo/Applications/My_work/BLE_p2pServer/STM32_WPAN/App/app_ble.c:1467:13:BLE_StatusNot	24	static
C:/Users/BIG BANG/STM32Cube/Repository/STM32Cube_FW_WB_V1.24.0/Projects/P-NUCLEO-WB55.Nucleo/Applications/My_work/BLE_p2pServer/STM32_WPAN/App/app_ble.c:1506:6:SVCCTL_ResumeUserEventFlow	8	static
