C:/Users/BIG BANG/STM32Cube/Repository/STM32Cube_FW_WB_V1.24.0/Projects/P-NUCLEO-WB55.Nucleo/Applications/My_work/BLE_p2pClient/STM32_WPAN/App/p2p_client_app.c:223:6:P2PC_APP_Init	16	static
C:/Users/BIG BANG/STM32Cube/Repository/STM32Cube_FW_WB_V1.24.0/Projects/P-NUCLEO-WB55.Nucleo/Applications/My_work/BLE_p2pClient/STM32_WPAN/App/p2p_client_app.c:279:6:P2PC_APP_Notification	24	static
C:/Users/BIG BANG/STM32Cube/Repository/STM32Cube_FW_WB_V1.24.0/Projects/P-NUCLEO-WB55.Nucleo/Applications/My_work/BLE_p2pClient/STM32_WPAN/App/p2p_client_app.c:362:6:P2PC_APP_SW1_Button_Action	8	static
C:/Users/BIG BANG/STM32Cube/Repository/STM32Cube_FW_WB_V1.24.0/Projects/P-NUCLEO-WB55.Nucleo/Applications/My_work/BLE_p2pClient/STM32_WPAN/App/p2p_client_app.c:381:30:Event_Handler	88	static
C:/Users/BIG BANG/STM32Cube/Repository/STM32Cube_FW_WB_V1.24.0/Projects/P-NUCLEO-WB55.Nucleo/Applications/My_work/BLE_p2pClient/STM32_WPAN/App/p2p_client_app.c:769:6:Gatt_Notification	56	static
C:/Users/BIG BANG/STM32Cube/Repository/STM32Cube_FW_WB_V1.24.0/Projects/P-NUCLEO-WB55.Nucleo/Applications/My_work/BLE_p2pClient/STM32_WPAN/App/p2p_client_app.c:1042:9:P2P_Client_APP_Get_State	4	static
C:/Users/BIG BANG/STM32Cube/Repository/STM32Cube_FW_WB_V1.24.0/Projects/P-NUCLEO-WB55.Nucleo/Applications/My_work/BLE_p2pClient/STM32_WPAN/App/p2p_client_app.c:1055:12:Write_Char	24	static
C:/Users/BIG BANG/STM32Cube/Repository/STM32Cube_FW_WB_V1.24.0/Projects/P-NUCLEO-WB55.Nucleo/Applications/My_work/BLE_p2pClient/STM32_WPAN/App/p2p_client_app.c:1094:6:Button_Trigger_Received	8	static
C:/Users/BIG BANG/STM32Cube/Repository/STM32Cube_FW_WB_V1.24.0/Projects/P-NUCLEO-WB55.Nucleo/Applications/My_work/BLE_p2pClient/STM32_WPAN/App/p2p_client_app.c:1121:6:Update_Service	16	static
