../Application/User/Core/address.c:11:6:PQCLEAN_SPHINCSSHAKE128SSIMPLE_CLEAN_set_layer_addr	16	static
../Application/User/Core/address.c:18:6:PQCLEAN_SPHINCSSHAKE128SSIMPLE_CLEAN_set_tree_addr	24	static
../Application/User/Core/address.c:28:6:PQCLEAN_SPHINCSSHAKE128SSIMPLE_CLEAN_set_type	16	static
../Application/User/Core/address.c:36:6:PQCLEAN_SPHINCSSHAKE128SSIMPLE_CLEAN_copy_subtree_addr	16	static
../Application/User/Core/address.c:46:6:PQCLEAN_SPHINCSSHAKE128SSIMPLE_CLEAN_set_keypair_addr	16	static
../Application/User/Core/address.c:57:6:PQCLEAN_SPHINCSSHAKE128SSIMPLE_CLEAN_copy_keypair_addr	16	static
../Application/User/Core/address.c:67:6:PQCLEAN_SPHINCSSHAKE128SSIMPLE_CLEAN_set_chain_addr	16	static
../Application/User/Core/address.c:75:6:PQCLEAN_SPHINCSSHAKE128SSIMPLE_CLEAN_set_hash_addr	16	static
../Application/User/Core/address.c:85:6:PQCLEAN_SPHINCSSHAKE128SSIMPLE_CLEAN_set_tree_height	16	static
../Application/User/Core/address.c:93:6:PQCLEAN_SPHINCSSHAKE128SSIMPLE_CLEAN_set_tree_index	16	static
