2026-09-18T18:39:55.855Z west build --build-dir c:/central_uart_1/build c:/central_uart_1
2026-09-18T18:39:56.645Z [0/6] Performing build step for 'central_uart_1'
2026-09-18T18:39:56.855Z [0/2] Re-checking globbed directories...
2026-09-18T18:39:58.050Z [1/8] Building C object CMakeFiles/app.dir/src/main.c.obj
2026-09-18T18:39:58.346Z [2/8] Linking C static library app\libapp.a
2026-09-18T18:39:59.176Z [3/8] Linking C executable zephyr\zephyr_pre0.elf; Logical command for additional byproducts on target: zephyr_pre0
2026-09-18T18:39:59.468Z [4/8] Generating linker.cmd
2026-09-18T18:39:59.817Z [5/8] Generating isr_tables.c, isr_tables_vt.ld, isr_tables_swi.ld
2026-09-18T18:40:00.116Z [6/8] Building C object zephyr/CMakeFiles/zephyr_final.dir/isr_tables.c.obj
2026-09-18T18:40:01.256Z [7/8] Linking C executable zephyr\zephyr.elf
2026-09-18T18:40:01.257Z Memory region         Used Size  Region Size  %age Used
2026-09-18T18:40:01.257Z            FLASH:      208120 B         1 MB     19.85%
2026-09-18T18:40:01.257Z              RAM:       95860 B       448 KB     20.90%
2026-09-18T18:40:01.257Z         IDT_LIST:          0 GB        32 KB      0.00%
2026-09-18T18:40:01.257Z Generating files from C:/central_uart_1/build/central_uart_1/zephyr/zephyr.elf for board: nrf5340dk/nrf5340/cpuapp
2026-09-18T18:40:01.265Z [1/6] Performing build step for 'ipc_radio'
2026-09-18T18:40:01.531Z ninja: no work to do.
2026-09-18T18:40:01.538Z [2/6] No install step for 'central_uart_1'
2026-09-18T18:40:01.568Z [4/6] Completed 'central_uart_1'
2026-09-18T18:40:01.619Z [5/6] No install step for 'ipc_radio'
2026-09-18T18:40:01.835Z [6/6] Completed 'ipc_radio'
dules/hal/cmsis_6/CMSIS/Core/Include -IC:/ncs/v3.3.3/zephyr/modules/cmsis_6/. -IC:/ncs/v3.3.3/nrf/modules/hal_nordic/. -IC:/ncs/v3.3.3/modules/hal/nordic/nrfx -IC:/ncs/v3.3.3/modules/hal/nordic/nrfx/drivers/include -IC:/ncs/v3.3.3/modules/hal/nordic/nrfx/bsp/stable -IC:/ncs/v3.3.3/modules/hal/nordic/nrfx/bsp/stable/templates -IC:/ncs/v3.3.3/zephyr/modules/hal_nordic/nrfx/. -IC:/ncs/v3.3.3/modules/hal/st/sensor/inc -IC:/central_uart_1/build/central_uart_1/modules/libmetal/libmetal/lib/include -IC:/ncs/v3.3.3/modules/lib/open-amp/open-amp/lib/include -IC:/ncs/v3.3.3/modules/debug/segger/SEGGER -IC:/ncs/v3.3.3/modules/debug/segger/Config -IC:/ncs/v3.3.3/nrfxlib/softdevice_controller/include -IC:/central_uart_1/build/central_uart_1/generated/library_nrf_security_psa -IC:/ncs/v3.3.3/nrf/subsys/nrf_security/include -IC:/ncs/v3.3.3/modules/crypto/oberon-psa-crypto/oberon/drivers -IC:/ncs/v3.3.3/nrf/subsys/nrf_security/src/utils -IC:/ncs/v3.3.3/modules/crypto/oberon-psa-crypto/include -IC:/ncs/v3.3.3/modules/crypto/oberon-psa-crypto/library -IC:/ncs/v3.3.3/modules/crypto/mbedtls/library -IC:/ncs/v3.3.3/modules/crypto/mbedtls/include -IC:/ncs/v3.3.3/modules/crypto/mbedtls/include/library -IC:/ncs/v3.3.3/nrfxlib/crypto/nrf_oberon/include -IC:/ncs/v3.3.3/nrfxlib/crypto/nrf_oberon/include/mbedtls -isystem C:/ncs/v3.3.3/zephyr/lib/libc/common/include -isystem C:/ncs/v3.3.3/nrfxlib/crypto/nrf_cc312_platform/include -fno-strict-aliasing -Os -imacros C:/central_uart_1/build/central_uart_1/zephyr/include/generated/zephyr/autoconf.h -fno-printf-return-value -fno-common -g -gdwarf-4 -fdiagnostics-color=always -mcpu=cortex-m33 -mthumb -mabi=aapcs -mfp16-format=ieee -mtp=soft --sysroot=C:/ncs/toolchains/936afb6332/opt/zephyr-sdk/arm-zephyr-eabi/arm-zephyr-eabi -imacros C:/ncs/v3.3.3/zephyr/include/zephyr/toolchain/zephyr_stdint.h -Wall -Wformat -Wformat-security -Wno-format-zero-length -Wdouble-promotion -Wno-pointer-sign -Wpointer-arith -Wexpansion-to-defined -Wno-unused-but-set-variable -Werror=implicit-int -fno-pic -fno-pie -fno-asynchronous-unwind-tables -ftls-model=local-exec -fno-reorder-functions --param=min-pagesize=0 -fno-defer-pop -fmacro-prefix-map=C:/central_uart_1=CMAKE_SOURCE_DIR -fmacro-prefix-map=C:/ncs/v3.3.3/zephyr=ZEPHYR_BASE -fmacro-prefix-map=C:/ncs/v3.3.3=WEST_TOPDIR -ffunction-sections -fdata-sections -specs=picolibc.specs -std=c17 -MD -MT CMakeFiles/app.dir/src/main.c.obj -MF CMakeFiles\app.dir\src\main.c.obj.d -o CMakeFiles/app.dir/src/main.c.obj -c C:/central_uart_1/src/main.c
2026-09-18T18:39:49.218Z [01m[KC:/central_uart_1/src/main.c:[m[K In function '[01m[Kverify_work_handler[m[K':
2026-09-18T18:39:49.218Z [01m[KC:/central_uart_1/src/main.c:323:1:[m[K [01;31m[Kerror: [m[Kexpected '[01m[K,[m[K' or '[01m[K;[m[K' before '[01m[Kgpio_pin_set[m[K'
2026-09-18T18:39:49.218Z   323 | [01;31m[Kgpio_pin_set[m[K(gpio0, VERIFY_GPIO, 0);
2026-09-18T18:39:49.218Z       | [01;31m[K^~~~~~~~~~~~[m[K
2026-09-18T18:39:49.218Z ninja: build stopped: subcommand failed.
2026-09-18T18:39:49.234Z [31mFAILED: [code=1] [0m_sysbuild/sysbuild/images/central_uart_1-prefix/src/central_uart_1-stamp/central_uart_1-build C:/central_uart_1/build/_sysbuild/sysbuild/images/central_uart_1-prefix/src/central_uart_1-stamp/central_uart_1-build 
2026-09-18T18:39:49.234Z C:\windows\system32\cmd.exe /C "cd /D C:\central_uart_1\build\central_uart_1 && C:\ncs\toolchains\936afb6332\opt\bin\cmake.exe --build ."
2026-09-18T18:39:49.234Z ninja: build stopped: subcommand failed.
