2026-09-19T00:28:18.523Z west build --build-dir c:/nrf_work/SHAKE2s/central_uart/build c:/nrf_work/SHAKE2s/central_uart
2026-09-19T00:28:19.537Z [0/2] Re-checking globbed directories...
2026-09-19T00:28:19.728Z ninja: no work to do.
west build: generating a build system
2026-09-19T00:27:34.894Z -- Application: C:/nrf_work/SHAKE2s/central_uart
2026-09-19T00:27:34.895Z -- CMake version: 4.2.1
2026-09-19T00:27:35.321Z -- Found Python3: C:/ncs/toolchains/936afb6332/opt/bin/python.exe (found suitable version "3.12.4", minimum required is "3.10") found components: Interpreter
2026-09-19T00:27:35.363Z -- Cache files will be written to: C:/ncs/v3.3.3/zephyr/.cache
2026-09-19T00:27:35.377Z -- Zephyr version: 4.3.99 (C:/ncs/v3.3.3/zephyr)
2026-09-19T00:27:35.561Z -- Found west (found suitable version "1.5.0", minimum required is "0.14.0")
2026-09-19T00:27:37.946Z -- Board: nrf5340dk, qualifiers: nrf5340/cpuapp
2026-09-19T00:27:39.743Z -- Found host-tools: zephyr 0.17.0 (C:/ncs/toolchains/936afb6332/opt/zephyr-sdk)
2026-09-19T00:27:39.750Z -- Found toolchain: zephyr 0.17.0 (C:/ncs/toolchains/936afb6332/opt/zephyr-sdk)
2026-09-19T00:27:39.973Z -- Found Dtc: C:/ncs/toolchains/936afb6332/opt/bin/dtc.exe (found suitable version "1.4.7", minimum required is "1.4.6")
2026-09-19T00:27:39.974Z -- Found BOARD.dts: C:/ncs/v3.3.3/zephyr/boards/nordic/nrf5340dk/nrf5340dk_nrf5340_cpuapp.dts
2026-09-19T00:27:40.977Z -- Generated zephyr.dts: C:/nrf_work/SHAKE2s/central_uart/build/zephyr/zephyr.dts
2026-09-19T00:27:40.978Z -- Generated pickled edt: C:/nrf_work/SHAKE2s/central_uart/build/zephyr/edt.pickle
2026-09-19T00:27:41.246Z -- Generated devicetree_generated.h: C:/nrf_work/SHAKE2s/central_uart/build/zephyr/include/generated/zephyr/devicetree_generated.h
2026-09-19T00:27:45.440Z Parsing C:/nrf_work/SHAKE2s/central_uart/Kconfig
2026-09-19T00:27:45.441Z Loaded configuration 'C:/ncs/v3.3.3/zephyr/boards/nordic/nrf5340dk/nrf5340dk_nrf5340_cpuapp_defconfig'
2026-09-19T00:27:45.441Z Merged configuration 'C:/nrf_work/SHAKE2s/central_uart/prj.conf'
2026-09-19T00:27:45.441Z Merged configuration 'C:/nrf_work/SHAKE2s/central_uart/boards/nrf5340dk_nrf5340_cpuapp.conf'
2026-09-19T00:27:45.441Z Configuration saved to 'C:/nrf_work/SHAKE2s/central_uart/build/zephyr/.config'
2026-09-19T00:27:45.441Z Kconfig header saved to 'C:/nrf_work/SHAKE2s/central_uart/build/zephyr/include/generated/zephyr/autoconf.h'
2026-09-19T00:27:46.432Z -- Found GnuLd: c:/ncs/toolchains/936afb6332/opt/zephyr-sdk/arm-zephyr-eabi/arm-zephyr-eabi/bin/ld.bfd.exe (found version "2.38")
2026-09-19T00:27:46.978Z -- The C compiler identification is GNU 12.2.0
2026-09-19T00:27:47.596Z -- The CXX compiler identification is GNU 12.2.0
2026-09-19T00:27:47.694Z -- The ASM compiler identification is GNU
2026-09-19T00:27:47.703Z -- Found assembler: C:/ncs/toolchains/936afb6332/opt/zephyr-sdk/arm-zephyr-eabi/bin/arm-zephyr-eabi-gcc.exe
2026-09-19T00:27:49.284Z -- libmetal version: 1.9.0 (C:/nrf_work/SHAKE2s/central_uart)
2026-09-19T00:27:49.284Z -- Looking for include file stdatomic.h
2026-09-19T00:27:49.643Z -- Looking for include file stdatomic.h - found
2026-09-19T00:27:49.800Z -- open-amp version: 1.8.0 (C:/ncs/v3.3.3/modules/lib/open-amp/open-amp)
2026-09-19T00:27:49.800Z -- Looking for include file fcntl.h
2026-09-19T00:27:50.174Z -- Looking for include file fcntl.h - found
2026-09-19T00:27:50.381Z -- Found gen_kobject_list: C:/ncs/v3.3.3/zephyr/scripts/build/gen_kobject_list.py
2026-09-19T00:27:50.534Z -- Configuring done (15.6s)
2026-09-19T00:27:51.465Z -- Generating done (0.9s)
2026-09-19T00:27:51.495Z -- Build files have been written to: C:/nrf_work/SHAKE2s/central_uart/build
2026-09-19T00:27:51.640Z -- west build: building application
2026-09-19T00:27:51.941Z [0/2] Re-checking globbed directories...
2026-09-19T00:27:52.317Z [1/362] Generating ../../zephyr/include/generated/ncs_version.h
2026-09-19T00:27:52.337Z [2/362] Generating ../../zephyr/include/generated/zephyr_commit.h
2026-09-19T00:27:52.339Z [3/362] Generating ../../zephyr/include/generated/ncs_commit.h
2026-09-19T00:27:52.501Z [4/362] Generating include/generated/zephyr/version.h
2026-09-19T00:27:52.501Z -- Zephyr version: 4.3.99 (C:/ncs/v3.3.3/zephyr), build: ncs-v3.3.3
2026-09-19T00:27:53.521Z [5/362] Generating misc/generated/syscalls.json, misc/generated/struct_tags.json
2026-09-19T00:27:53.707Z [6/362] Generating include/generated/device-api-sections.ld, include/generated/device-api-sections.cmake
2026-09-19T00:27:53.826Z [7/362] Generating include/generated/zephyr/driver-validation.h
2026-09-19T00:27:53.837Z [8/362] Generating include/generated/zephyr/kobj-types-enum.h, include/generated/zephyr/otype-to-str.h, include/generated/zephyr/otype-to-size.h
2026-09-19T00:27:53.843Z [9/362] Generating include/generated/zephyr/syscall_dispatch.c, include/generated/zephyr/syscall_exports_llext.c, syscall_weakdefs_llext.c, include/generated/zephyr/syscall_list.h
2026-09-19T00:27:54.516Z [10/362] Building C object modules/nrf/subsys/nrf_security/src/CMakeFiles/nrf_security_utils.dir/utils/nrf_security_mutexes.c.obj
2026-09-19T00:27:54.556Z [11/362] Building C object modules/nrf/subsys/nrf_security/src/CMakeFiles/nrf_security_utils.dir/utils/nrf_security_events.c.obj
2026-09-19T00:27:54.585Z [12/362] Building C object modules/nrf/subsys/nrf_security/src/CMakeFiles/nrf_security_utils.dir/utils/nrf_security_core.c.obj
2026-09-19T00:27:54.601Z [13/362] Building C object modules/nrf/subsys/nrf_security/src/CMakeFiles/mbedcrypto_base.dir/C_/ncs/v3.3.3/modules/crypto/mbedtls/library/asn1parse.c.obj
2026-09-19T00:27:54.635Z [14/362] Building C object modules/nrf/subsys/nrf_security/src/CMakeFiles/mbedcrypto_base.dir/C_/ncs/v3.3.3/modules/crypto/mbedtls/library/asn1write.c.obj
2026-09-19T00:27:54.672Z [15/362] Building C object modules/nrf/subsys/nrf_security/src/CMakeFiles/mbedcrypto_base.dir/C_/ncs/v3.3.3/modules/crypto/mbedtls/library/base64.c.obj
2026-09-19T00:27:54.707Z [16/362] Building C object modules/nrf/subsys/nrf_security/src/CMakeFiles/mbedcrypto_base.dir/C_/ncs/v3.3.3/modules/crypto/mbedtls/library/bignum.c.obj
2026-09-19T00:27:54.736Z [17/362] Building C object modules/nrf/subsys/nrf_security/src/CMakeFiles/mbedcrypto_base.dir/C_/ncs/v3.3.3/modules/crypto/mbedtls/library/bignum_core.c.obj
2026-09-19T00:27:54.770Z [18/362] Building C object modules/nrf/subsys/nrf_security/src/CMakeFiles/mbedcrypto_base.dir/C_/ncs/v3.3.3/modules/crypto/mbedtls/library/nist_kw.c.obj
2026-09-19T00:27:54.801Z [19/362] Building C object modules/nrf/subsys/nrf_security/src/CMakeFiles/mbedcrypto_base.dir/C_/ncs/v3.3.3/modules/crypto/mbedtls/library/oid.c.obj
2026-09-19T00:27:54.832Z [20/362] Building C object modules/nrf/subsys/nrf_security/src/CMakeFiles/mbedcrypto_base.dir/C_/ncs/v3.3.3/modules/crypto/mbedtls/library/padlock.c.obj
2026-09-19T00:27:54.865Z [21/362] Building C object modules/nrf/subsys/nrf_security/src/CMakeFiles/mbedcrypto_base.dir/C_/ncs/v3.3.3/modules/crypto/mbedtls/library/version.c.obj
2026-09-19T00:27:54.900Z [22/362] Building C object modules/nrf/subsys/nrf_security/src/CMakeFiles/mbedcrypto_base.dir/C_/ncs/v3.3.3/modules/crypto/mbedtls/library/constant_time.c.obj
2026-09-19T00:27:54.935Z [23/362] Building C object zephyr/CMakeFiles/offsets.dir/arch/arm/core/offsets/offsets.c.obj
2026-09-19T00:27:54.951Z [24/362] Building C object modules/nrf/subsys/nrf_security/src/drivers/nrf_oberon/CMakeFiles/oberon_psa_driver.dir/C_/ncs/v3.3.3/modules/crypto/oberon-psa-crypto/oberon/drivers/oberon_helpers.c.obj
2026-09-19T00:27:54.988Z [25/362] Building C object modules/nrf/subsys/nrf_security/src/drivers/nrf_oberon/CMakeFiles/oberon_psa_driver.dir/C_/ncs/v3.3.3/modules/crypto/oberon-psa-crypto/oberon/drivers/oberon_ecdh.c.obj
2026-09-19T00:27:55.022Z [26/362] Building C object modules/nrf/subsys/nrf_security/src/drivers/nrf_oberon/CMakeFiles/oberon_psa_driver.dir/C_/ncs/v3.3.3/modules/crypto/oberon-psa-crypto/oberon/drivers/oberon_ecdsa.c.obj
2026-09-19T00:27:55.048Z [27/362] Building C object modules/nrf/subsys/nrf_security/src/drivers/nrf_oberon/CMakeFiles/oberon_psa_driver.dir/C_/ncs/v3.3.3/modules/crypto/oberon-psa-crypto/oberon/drivers/oberon_eddsa.c.obj
2026-09-19T00:27:55.086Z [28/362] Building C object modules/nrf/subsys/nrf_security/src/drivers/nrf_oberon/CMakeFiles/oberon_psa_driver.dir/C_/ncs/v3.3.3/modules/crypto/oberon-psa-crypto/oberon/drivers/oberon_ec_keys.c.obj
2026-09-19T00:27:55.120Z [29/362] Building C object modules/nrf/subsys/nrf_security/src/drivers/nrf_oberon/CMakeFiles/oberon_psa_driver.dir/C_/ncs/v3.3.3/modules/crypto/oberon-psa-crypto/oberon/drivers/oberon_jpake.c.obj
2026-09-19T00:27:55.153Z [30/362] Building C object modules/nrf/subsys/nrf_security/src/drivers/nrf_oberon/CMakeFiles/oberon_psa_driver.dir/C_/ncs/v3.3.3/modules/crypto/oberon-psa-crypto/oberon/drivers/oberon_spake2p.c.obj
2026-09-19T00:27:55.190Z [31/362] Building C object modules/nrf/subsys/nrf_security/src/drivers/nrf_oberon/CMakeFiles/oberon_psa_driver.dir/C_/ncs/v3.3.3/modules/crypto/oberon-psa-crypto/oberon/drivers/oberon_srp.c.obj
2026-09-19T00:27:55.220Z [32/362] Building C object modules/nrf/subsys/nrf_security/src/drivers/nrf_oberon/CMakeFiles/oberon_psa_driver.dir/C_/ncs/v3.3.3/modules/crypto/oberon-psa-crypto/oberon/drivers/oberon_rsa.c.obj
2026-09-19T00:27:55.251Z [33/362] Building C object modules/nrf/subsys/nrf_security/src/drivers/nrf_oberon/CMakeFiles/oberon_psa_driver.dir/C_/ncs/v3.3.3/modules/crypto/oberon-psa-crypto/oberon/drivers/oberon_wpa3_sae.c.obj
2026-09-19T00:27:55.279Z [34/362] Building C object modules/nrf/subsys/nrf_security/src/drivers/nrf_oberon/CMakeFiles/oberon_psa_driver.dir/C_/ncs/v3.3.3/modules/crypto/oberon-psa-crypto/oberon/drivers/oberon_xmss.c.obj
2026-09-19T00:27:55.310Z [35/362] Building C object modules/nrf/subsys/nrf_security/src/drivers/nrf_oberon/CMakeFiles/oberon_psa_driver.dir/C_/ncs/v3.3.3/modules/crypto/oberon-psa-crypto/oberon/drivers/oberon_lms.c.obj
2026-09-19T00:27:55.340Z [36/362] Linking C static library modules\nrf\subsys\nrf_security\src\libnrf_security_utils.a
2026-09-19T00:27:55.360Z [37/362] Building C object modules/nrf/subsys/nrf_security/src/drivers/nrf_oberon/CMakeFiles/oberon_psa_driver.dir/C_/ncs/v3.3.3/modules/crypto/oberon-psa-crypto/oberon/drivers/oberon_ml_dsa.c.obj
2026-09-19T00:27:55.395Z [38/362] Building C object modules/nrf/subsys/nrf_security/src/drivers/nrf_oberon/CMakeFiles/oberon_psa_driver.dir/C_/ncs/v3.3.3/modules/crypto/oberon-psa-crypto/oberon/drivers/oberon_ml_kem.c.obj
2026-09-19T00:27:55.431Z [39/362] Building C object modules/nrf/subsys/nrf_security/src/drivers/nrf_oberon/CMakeFiles/oberon_psa_driver.dir/C_/ncs/v3.3.3/modules/crypto/oberon-psa-crypto/oberon/drivers/oberon_key_management.c.obj
2026-09-19T00:27:55.467Z [40/362] Building C object modules/nrf/subsys/nrf_security/src/drivers/nrf_oberon/CMakeFiles/oberon_psa_driver.dir/C_/ncs/v3.3.3/modules/crypto/oberon-psa-crypto/oberon/drivers/oberon_mac.c.obj
2026-09-19T00:27:55.500Z [41/362] Building C object modules/nrf/subsys/nrf_security/src/drivers/nrf_oberon/CMakeFiles/oberon_psa_driver.dir/C_/ncs/v3.3.3/modules/crypto/oberon-psa-crypto/oberon/drivers/oberon_cipher.c.obj
2026-09-19T00:27:55.530Z [42/362] Building C object modules/nrf/subsys/nrf_security/src/drivers/nrf_oberon/CMakeFiles/oberon_psa_driver.dir/C_/ncs/v3.3.3/modules/crypto/oberon-psa-crypto/oberon/drivers/oberon_key_agreement.c.obj
2026-09-19T00:27:55.531Z [43/362] Building C object modules/nrf/subsys/nrf_security/src/core/nrf_oberon/CMakeFiles/psa_core.dir/C_/ncs/v3.3.3/modules/crypto/oberon-psa-crypto/library/platform.c.obj
2026-09-19T00:27:55.531Z [44/362] Building C object modules/nrf/subsys/nrf_security/src/core/nrf_oberon/CMakeFiles/psa_core.dir/C_/ncs/v3.3.3/modules/crypto/oberon-psa-crypto/library/platform_util.c.obj
2026-09-19T00:27:55.532Z [45/362] Building C object modules/nrf/subsys/nrf_security/src/core/nrf_oberon/CMakeFiles/psa_core.dir/C_/ncs/v3.3.3/modules/crypto/oberon-psa-crypto/library/psa_crypto_client.c.obj
2026-09-19T00:27:55.532Z [46/362] Generating include/generated/zephyr/offsets.h
2026-09-19T00:27:55.686Z [47/362] Building C object modules/nrf/subsys/nrf_security/src/core/nrf_oberon/CMakeFiles/psa_core.dir/C_/ncs/v3.3.3/modules/crypto/oberon-psa-crypto/library/psa_crypto_slot_management.c.obj
2026-09-19T00:27:55.721Z [48/362] Building C object modules/nrf/subsys/nrf_security/src/core/nrf_oberon/CMakeFiles/psa_core.dir/C_/ncs/v3.3.3/modules/crypto/oberon-psa-crypto/library/psa_crypto_storage.c.obj
2026-09-19T00:27:55.753Z [49/362] Building C object modules/nrf/subsys/nrf_security/src/core/nrf_oberon/CMakeFiles/psa_core.dir/C_/ncs/v3.3.3/nrf/subsys/nrf_security/src/psa_crypto_driver_wrappers.c.obj
2026-09-19T00:27:55.783Z [50/362] Building C object modules/nrf/subsys/nrf_security/src/CMakeFiles/mbedcrypto.dir/C_/ncs/v3.3.3/modules/crypto/mbedtls/library/memory_buffer_alloc.c.obj
2026-09-19T00:27:55.817Z [51/362] Building C object modules/nrf/subsys/nrf_security/src/CMakeFiles/mbedcrypto.dir/C_/ncs/v3.3.3/modules/crypto/mbedtls/library/pem.c.obj
2026-09-19T00:27:55.848Z [52/362] Building C object modules/nrf/subsys/nrf_security/src/CMakeFiles/mbedcrypto.dir/C_/ncs/v3.3.3/modules/crypto/mbedtls/library/pkcs12.c.obj
2026-09-19T00:27:55.884Z [53/362] Building C object modules/nrf/subsys/nrf_security/src/CMakeFiles/mbedcrypto.dir/C_/ncs/v3.3.3/modules/crypto/mbedtls/library/pkcs5.c.obj
2026-09-19T00:27:55.916Z [54/362] Building C object modules/nrf/subsys/nrf_security/src/CMakeFiles/mbedcrypto.dir/C_/ncs/v3.3.3/modules/crypto/mbedtls/library/pkparse.c.obj
2026-09-19T00:27:55.950Z [55/362] Building C object modules/nrf/subsys/nrf_security/src/CMakeFiles/mbedcrypto.dir/C_/ncs/v3.3.3/modules/crypto/mbedtls/library/pkwrite.c.obj
2026-09-19T00:27:56.000Z [56/362] Building C object modules/nrf/subsys/nrf_security/src/CMakeFiles/mbedcrypto.dir/C_/ncs/v3.3.3/modules/crypto/mbedtls/library/dhm.c.obj
2026-09-19T00:27:56.038Z [57/362] Building C object modules/nrf/subsys/nrf_security/src/CMakeFiles/mbedcrypto.dir/C_/ncs/v3.3.3/modules/crypto/mbedtls/library/cipher.c.obj
2026-09-19T00:27:56.071Z [58/362] Building C object modules/nrf/subsys/nrf_security/src/CMakeFiles/mbedcrypto.dir/C_/ncs/v3.3.3/modules/crypto/mbedtls/library/cipher_wrap.c.obj
2026-09-19T00:27:56.099Z [59/362] Linking C static library modules\nrf\subsys\nrf_security\src\libmbedcrypto_base.a
2026-09-19T00:27:56.126Z [60/362] Building C object modules/nrf/subsys/nrf_security/src/CMakeFiles/mbedcrypto.dir/C_/ncs/v3.3.3/modules/crypto/mbedtls/library/md.c.obj
2026-09-19T00:27:56.160Z [61/362] Building C object modules/nrf/subsys/nrf_security/src/CMakeFiles/mbedcrypto.dir/C_/ncs/v3.3.3/modules/crypto/mbedtls/library/pk.c.obj
2026-09-19T00:27:56.194Z [62/362] Building C object modules/nrf/subsys/nrf_security/src/CMakeFiles/mbedcrypto.dir/C_/ncs/v3.3.3/modules/crypto/mbedtls/library/pk_ecc.c.obj
2026-09-19T00:27:56.225Z [63/362] Building C object modules/nrf/subsys/nrf_security/src/CMakeFiles/mbedcrypto.dir/C_/ncs/v3.3.3/modules/crypto/mbedtls/library/pk_wrap.c.obj
2026-09-19T00:27:56.260Z [64/362] Building C object modules/nrf/subsys/nrf_security/src/CMakeFiles/mbedcrypto.dir/C_/ncs/v3.3.3/modules/crypto/mbedtls/library/psa_util.c.obj
2026-09-19T00:27:56.292Z [65/362] Building C object zephyr/arch/common/CMakeFiles/isr_tables.dir/isr_tables.c.obj
2026-09-19T00:27:56.324Z [66/362] Building C object CMakeFiles/app.dir/src/leds.c.obj
2026-09-19T00:27:56.356Z [67/362] Building C object CMakeFiles/app.dir/src/pqclean/code/address.c.obj
2026-09-19T00:27:56.388Z [68/362] Building C object CMakeFiles/app.dir/src/pqclean/code/context_shake.c.obj
2026-09-19T00:27:56.421Z [69/362] Building C object CMakeFiles/app.dir/src/pqclean/code/fors.c.obj
2026-09-19T00:27:56.454Z [70/362] Building C object CMakeFiles/app.dir/src/pqclean/code/hash_shake.c.obj
2026-09-19T00:27:56.487Z [71/362] Building C object CMakeFiles/app.dir/src/pqclean/code/merkle.c.obj
2026-09-19T00:27:56.518Z [72/362] Building C object CMakeFiles/app.dir/src/pqclean/code/sign.c.obj
2026-09-19T00:27:56.552Z [73/362] Building C object CMakeFiles/app.dir/src/pqclean/code/thash_shake_simple.c.obj
2026-09-19T00:27:56.588Z [74/362] Building C object CMakeFiles/app.dir/src/pqclean/code/utils.c.obj
2026-09-19T00:27:56.623Z [75/362] Building C object CMakeFiles/app.dir/src/pqclean/code/utilsx1.c.obj
2026-09-19T00:27:56.659Z [76/362] Building C object CMakeFiles/app.dir/src/pqclean/code/wots.c.obj
2026-09-19T00:27:56.699Z [77/362] Building C object CMakeFiles/app.dir/src/pqclean/code/wotsx1.c.obj
2026-09-19T00:27:56.756Z [78/362] Building C object CMakeFiles/app.dir/src/pqclean/common/fips202.c.obj
2026-09-19T00:27:56.826Z [79/362] Building C object CMakeFiles/app.dir/src/pqclean/common/randombytes.c.obj
2026-09-19T00:27:56.866Z [80/362] Linking C static library modules\nrf\subsys\nrf_security\src\drivers\nrf_oberon\liboberon_psa_driver.a
2026-09-19T00:27:56.904Z [81/362] Building C object zephyr/CMakeFiles/zephyr.dir/lib/libc/validate_libc.c.obj
2026-09-19T00:27:56.945Z [82/362] Building C object zephyr/CMakeFiles/zephyr.dir/lib/os/printk.c.obj
2026-09-19T00:27:56.989Z [83/362] Building C object zephyr/CMakeFiles/zephyr.dir/lib/os/sem.c.obj
2026-09-19T00:27:57.028Z [84/362] Building C object modules/nrf/subsys/nrf_security/src/core/nrf_oberon/CMakeFiles/psa_core.dir/C_/ncs/v3.3.3/modules/crypto/oberon-psa-crypto/library/psa_crypto.c.obj
2026-09-19T00:27:57.053Z [85/362] Building C object zephyr/CMakeFiles/zephyr.dir/lib/os/thread_entry.c.obj
2026-09-19T00:27:57.088Z [86/362] Building C object zephyr/CMakeFiles/zephyr.dir/lib/os/assert.c.obj
2026-09-19T00:27:57.123Z [87/362] Building C object zephyr/CMakeFiles/zephyr.dir/lib/utils/dec.c.obj
2026-09-19T00:27:57.159Z [88/362] Building C object zephyr/CMakeFiles/zephyr.dir/lib/utils/hex.c.obj
2026-09-19T00:27:57.196Z [89/362] Building C object zephyr/CMakeFiles/zephyr.dir/lib/utils/timeutil.c.obj
2026-09-19T00:27:57.240Z [90/362] Building C object zephyr/CMakeFiles/zephyr.dir/lib/utils/bitmask.c.obj
2026-09-19T00:27:57.277Z [91/362] Building C object zephyr/CMakeFiles/zephyr.dir/lib/heap/heap.c.obj
2026-09-19T00:27:57.323Z [92/362] Building C object zephyr/CMakeFiles/zephyr.dir/lib/os/clock.c.obj
2026-09-19T00:27:57.359Z [93/362] Building C object zephyr/CMakeFiles/zephyr.dir/lib/os/cbprintf_packaged.c.obj
2026-09-19T00:27:57.407Z [94/362] Building C object zephyr/CMakeFiles/zephyr.dir/lib/os/cbprintf_complete.c.obj
2026-09-19T00:27:57.444Z [95/362] Building C object zephyr/CMakeFiles/zephyr.dir/lib/os/mpsc_pbuf.c.obj
2026-09-19T00:27:57.485Z [96/362] Building C object zephyr/CMakeFiles/zephyr.dir/lib/utils/rb.c.obj
2026-09-19T00:27:57.530Z [97/362] Building C object zephyr/CMakeFiles/zephyr.dir/lib/utils/last_section_id.c.obj
2026-09-19T00:27:57.573Z [98/362] Building C object zephyr/CMakeFiles/zephyr.dir/lib/utils/getopt/getopt.c.obj
2026-09-19T00:27:57.619Z [99/362] Building C object zephyr/CMakeFiles/zephyr.dir/misc/generated/configs.c.obj
2026-09-19T00:27:57.654Z [100/362] Building C object zephyr/CMakeFiles/zephyr.dir/lib/utils/ring_buffer.c.obj
2026-09-19T00:27:57.690Z [101/362] Building C object zephyr/CMakeFiles/zephyr.dir/lib/utils/getopt/getopt_common.c.obj
2026-09-19T00:27:57.727Z [102/362] Linking C static library modules\nrf\subsys\nrf_security\src\core\nrf_oberon\libpsa_core.a
2026-09-19T00:27:57.766Z [103/362] Building C object CMakeFiles/app.dir/src/main.c.obj
2026-09-19T00:27:57.803Z [104/362] Building C object zephyr/CMakeFiles/zephyr.dir/lib/utils/bitarray.c.obj
2026-09-19T00:27:57.855Z [105/362] Building C object zephyr/CMakeFiles/zephyr.dir/lib/utils/notify.c.obj
2026-09-19T00:27:57.931Z [106/362] Building C object zephyr/CMakeFiles/zephyr.dir/lib/utils/onoff.c.obj
2026-09-19T00:27:57.976Z [107/362] Building C object zephyr/CMakeFiles/zephyr.dir/subsys/logging/log_cache.c.obj
2026-09-19T00:27:58.030Z [108/362] Building C object CMakeFiles/app.dir/src/pqclean/common/sha2.c.obj
2026-09-19T00:27:58.107Z [109/362] Building C object zephyr/CMakeFiles/zephyr.dir/subsys/storage/flash_map/flash_map.c.obj
2026-09-19T00:27:58.152Z [110/362] Building C object zephyr/CMakeFiles/zephyr.dir/subsys/ipc/ipc_service/lib/ipc_rpmsg.c.obj
2026-09-19T00:27:58.193Z [111/362] Building C object zephyr/CMakeFiles/zephyr.dir/subsys/logging/log_mgmt.c.obj
2026-09-19T00:27:58.248Z [112/362] Building C object zephyr/CMakeFiles/zephyr.dir/subsys/logging/log_msg.c.obj
2026-09-19T00:27:58.284Z [113/362] Building C object zephyr/CMakeFiles/zephyr.dir/subsys/ipc/ipc_service/lib/ipc_static_vrings.c.obj
2026-09-19T00:27:58.317Z [114/362] Building C object zephyr/CMakeFiles/zephyr.dir/subsys/storage/flash_map/flash_map_layout.c.obj
2026-09-19T00:27:58.337Z [115/362] Building C object zephyr/CMakeFiles/zephyr.dir/subsys/mem_mgmt/mem_attr.c.obj
2026-09-19T00:27:58.368Z [116/362] Building C object zephyr/CMakeFiles/zephyr.dir/subsys/logging/log_core.c.obj
2026-09-19T00:27:58.404Z [117/362] Building C object zephyr/CMakeFiles/zephyr.dir/subsys/logging/backends/log_backend_uart.c.obj
2026-09-19T00:27:58.439Z [118/362] Building C object zephyr/CMakeFiles/zephyr.dir/subsys/storage/flash_map/flash_map_default.c.obj
2026-09-19T00:27:58.454Z [119/362] Building C object zephyr/CMakeFiles/zephyr.dir/subsys/ipc/ipc_service/backends/ipc_rpmsg_static_vrings.c.obj
2026-09-19T00:27:58.495Z [120/362] Building C object zephyr/CMakeFiles/zephyr.dir/subsys/logging/log_output.c.obj
2026-09-19T00:27:58.528Z [121/362] Building C object zephyr/CMakeFiles/zephyr.dir/subsys/ipc/ipc_service/ipc_service.c.obj
2026-09-19T00:27:58.563Z [122/362] Building C object zephyr/CMakeFiles/zephyr.dir/subsys/tracing/tracing_none.c.obj
2026-09-19T00:27:58.602Z [123/362] Building C object zephyr/CMakeFiles/zephyr.dir/subsys/fs/nvs/nvs.c.obj
2026-09-19T00:27:58.653Z [124/362] Building C object zephyr/CMakeFiles/zephyr.dir/subsys/settings/src/settings_store.c.obj
2026-09-19T00:27:58.691Z [125/362] Building C object zephyr/CMakeFiles/zephyr.dir/subsys/settings/src/settings_init.c.obj
2026-09-19T00:27:58.733Z [126/362] Building C object zephyr/CMakeFiles/zephyr.dir/subsys/settings/src/settings_line.c.obj
2026-09-19T00:27:58.771Z [127/362] Building C object zephyr/CMakeFiles/zephyr.dir/subsys/settings/src/settings.c.obj
2026-09-19T00:27:58.814Z [128/362] Building C object zephyr/CMakeFiles/zephyr.dir/subsys/settings/src/settings_nvs.c.obj
2026-09-19T00:27:58.847Z [129/362] Linking C static library zephyr\arch\common\libisr_tables.a
2026-09-19T00:27:58.897Z [130/362] Building C object zephyr/CMakeFiles/zephyr.dir/C_/ncs/v3.3.3/nrf/lib/boot_banner/banner.c.obj
2026-09-19T00:27:58.936Z [131/362] Building ASM object zephyr/arch/arch/arm/core/CMakeFiles/arch__arm__core.dir/nmi_on_reset.S.obj
2026-09-19T00:27:58.978Z [132/362] Building C object zephyr/arch/common/CMakeFiles/arch__common.dir/init.c.obj
2026-09-19T00:27:59.034Z [133/362] Generating linker_zephyr_pre0.cmd
2026-09-19T00:27:59.088Z [134/362] Building C object zephyr/CMakeFiles/zephyr.dir/drivers/flash/flash_util.c.obj
2026-09-19T00:27:59.126Z [135/362] Building C object zephyr/CMakeFiles/zephyr.dir/C_/ncs/v3.3.3/nrf/subsys/bluetooth/host_extensions/host_extensions.c.obj
2026-09-19T00:27:59.164Z [136/362] Building C object zephyr/CMakeFiles/zephyr.dir/C_/ncs/v3.3.3/nrf/subsys/bluetooth/hci_vs_sdc.c.obj
2026-09-19T00:27:59.202Z [137/362] Building C object zephyr/CMakeFiles/zephyr.dir/C_/ncs/v3.3.3/nrfxlib/crypto/nrf_cc312_platform/src/nrf_cc3xx_platform_mutex_zephyr.c.obj
2026-09-19T00:27:59.239Z [138/362] Building C object zephyr/CMakeFiles/zephyr.dir/C_/ncs/v3.3.3/nrf/subsys/bluetooth/scan.c.obj
2026-09-19T00:27:59.278Z [139/362] Building C object zephyr/arch/common/CMakeFiles/arch__common.dir/sw_isr_common.c.obj
2026-09-19T00:27:59.321Z [140/362] Building C object zephyr/CMakeFiles/zephyr.dir/C_/ncs/v3.3.3/nrfxlib/crypto/nrf_cc312_platform/src/nrf_cc3xx_platform_abort_zephyr.c.obj
2026-09-19T00:27:59.356Z [141/362] Building ASM object zephyr/arch/arch/arm/core/cortex_m/CMakeFiles/arch__arm__core__cortex_m.dir/fault_s.S.obj
2026-09-19T00:27:59.392Z [142/362] Building C object zephyr/arch/common/CMakeFiles/arch__common.dir/xip.c.obj
2026-09-19T00:27:59.426Z [143/362] Building C object zephyr/CMakeFiles/zephyr.dir/C_/ncs/v3.3.3/nrf/subsys/bluetooth/services/nus_client.c.obj
2026-09-19T00:27:59.463Z [144/362] Building C object zephyr/arch/arch/arm/core/CMakeFiles/arch__arm__core.dir/nmi.c.obj
2026-09-19T00:27:59.501Z [145/362] Building ASM object zephyr/arch/arch/arm/core/cortex_m/CMakeFiles/arch__arm__core__cortex_m.dir/reset.S.obj
2026-09-19T00:27:59.537Z [146/362] Building C object zephyr/CMakeFiles/zephyr.dir/C_/ncs/v3.3.3/nrf/subsys/bluetooth/gatt_dm.c.obj
2026-09-19T00:27:59.574Z [147/362] Building ASM object zephyr/arch/arch/arm/core/cortex_m/CMakeFiles/arch__arm__core__cortex_m.dir/vector_table.S.obj
2026-09-19T00:27:59.611Z [148/362] Building C object zephyr/arch/arch/arm/core/CMakeFiles/arch__arm__core.dir/fatal.c.obj
2026-09-19T00:27:59.651Z [149/362] Building C object zephyr/arch/arch/arm/core/CMakeFiles/arch__arm__core.dir/tls.c.obj
2026-09-19T00:27:59.687Z [150/362] Building ASM object zephyr/arch/arch/arm/core/cortex_m/CMakeFiles/arch__arm__core__cortex_m.dir/swap_helper.S.obj
2026-09-19T00:27:59.728Z [151/362] Building C object zephyr/arch/arch/arm/core/cortex_m/CMakeFiles/arch__arm__core__cortex_m.dir/exc_exit.c.obj
2026-09-19T00:27:59.773Z [152/362] Building C object zephyr/arch/arch/arm/core/cortex_m/CMakeFiles/arch__arm__core__cortex_m.dir/fpu.c.obj
2026-09-19T00:27:59.811Z [153/362] Building C object zephyr/arch/arch/arm/core/cortex_m/CMakeFiles/arch__arm__core__cortex_m.dir/scb.c.obj
2026-09-19T00:27:59.846Z [154/362] Building C object zephyr/arch/arch/arm/core/cortex_m/CMakeFiles/arch__arm__core__cortex_m.dir/thread_abort.c.obj
2026-09-19T00:27:59.892Z [155/362] Building ASM object zephyr/arch/arch/arm/core/cortex_m/CMakeFiles/arch__arm__core__cortex_m.dir/__aeabi_read_tp.S.obj
2026-09-19T00:27:59.952Z [156/362] Building C object zephyr/arch/arch/arm/core/cortex_m/CMakeFiles/arch__arm__core__cortex_m.dir/irq_manage.c.obj
2026-09-19T00:27:59.991Z [157/362] Building C object zephyr/arch/arch/arm/core/cortex_m/CMakeFiles/arch__arm__core__cortex_m.dir/prep_c.c.obj
2026-09-19T00:28:00.037Z [158/362] Building C object zephyr/arch/arch/arm/core/cortex_m/CMakeFiles/arch__arm__core__cortex_m.dir/thread.c.obj
2026-09-19T00:28:00.077Z [159/362] Building C object zephyr/arch/arch/arm/core/cortex_m/CMakeFiles/arch__arm__core__cortex_m.dir/irq_init.c.obj
2026-09-19T00:28:00.113Z [160/362] Building C object zephyr/arch/arch/arm/core/cortex_m/CMakeFiles/arch__arm__core__cortex_m.dir/cpu_idle.c.obj
2026-09-19T00:28:00.149Z [161/362] Building C object zephyr/arch/arch/arm/core/cortex_m/CMakeFiles/arch__arm__core__cortex_m.dir/isr_wrapper.c.obj
2026-09-19T00:28:00.189Z [162/362] Building C object zephyr/arch/arch/arm/core/cortex_m/CMakeFiles/arch__arm__core__cortex_m.dir/fault.c.obj
2026-09-19T00:28:00.227Z [163/362] Building C object zephyr/arch/arch/arm/core/cortex_m/cmse/CMakeFiles/arch__arm__core__cortex_m__cmse.dir/arm_core_cmse.c.obj
2026-09-19T00:28:00.263Z [164/362] Building C object zephyr/arch/arch/arm/core/mpu/CMakeFiles/arch__arm__core__mpu.dir/arm_core_mpu.c.obj
2026-09-19T00:28:00.307Z [165/362] Building C object zephyr/arch/arch/arm/core/mpu/CMakeFiles/arch__arm__core__mpu.dir/arm_mpu_regions.c.obj
2026-09-19T00:28:00.338Z [166/362] Building C object zephyr/lib/libc/picolibc/CMakeFiles/lib__libc__picolibc.dir/assert.c.obj
2026-09-19T00:28:00.370Z [167/362] Building C object zephyr/lib/libc/picolibc/CMakeFiles/lib__libc__picolibc.dir/chk_fail.c.obj
2026-09-19T00:28:00.410Z [168/362] Building C object zephyr/lib/libc/picolibc/CMakeFiles/lib__libc__picolibc.dir/cbprintf.c.obj
2026-09-19T00:28:00.447Z [169/362] Building C object zephyr/lib/libc/picolibc/CMakeFiles/lib__libc__picolibc.dir/errno_wrap.c.obj
2026-09-19T00:28:00.482Z [170/362] Building C object zephyr/lib/libc/common/CMakeFiles/lib__libc__common.dir/source/time/time.c.obj
2026-09-19T00:28:00.519Z [171/362] Building C object zephyr/lib/libc/picolibc/CMakeFiles/lib__libc__picolibc.dir/exit.c.obj
2026-09-19T00:28:00.560Z [172/362] Building C object zephyr/arch/arch/arm/core/mpu/CMakeFiles/arch__arm__core__mpu.dir/arm_mpu.c.obj
2026-09-19T00:28:00.596Z [173/362] Building C object zephyr/lib/posix/c_lib_ext/CMakeFiles/lib__posix__c_lib_ext.dir/fnmatch.c.obj
2026-09-19T00:28:00.633Z [174/362] Building C object zephyr/lib/libc/picolibc/CMakeFiles/lib__libc__picolibc.dir/locks.c.obj
2026-09-19T00:28:00.668Z [175/362] Building C object zephyr/lib/libc/common/CMakeFiles/lib__libc__common.dir/source/stdlib/abort.c.obj
2026-09-19T00:28:00.703Z [176/362] Building C object zephyr/lib/libc/picolibc/CMakeFiles/lib__libc__picolibc.dir/stdio.c.obj
2026-09-19T00:28:00.747Z [177/362] Building C object zephyr/subsys/bluetooth/common/CMakeFiles/subsys__bluetooth__common.dir/addr.c.obj
2026-09-19T00:28:00.786Z [178/362] Building C object zephyr/lib/posix/c_lib_ext/CMakeFiles/lib__posix__c_lib_ext.dir/getentropy.c.obj
2026-09-19T00:28:00.837Z [179/362] Building C object zephyr/lib/libc/common/CMakeFiles/lib__libc__common.dir/source/stdlib/malloc.c.obj
2026-09-19T00:28:00.881Z [180/362] Building C object zephyr/lib/posix/c_lib_ext/CMakeFiles/lib__posix__c_lib_ext.dir/getopt_shim.c.obj
2026-09-19T00:28:00.917Z [181/362] Building C object zephyr/soc/soc/nrf5340/CMakeFiles/soc__nordic.dir/validate_base_addresses.c.obj
2026-09-19T00:28:01.036Z [182/362] Building C object zephyr/soc/soc/nrf5340/CMakeFiles/soc__nordic.dir/validate_binding_headers.c.obj
2026-09-19T00:28:01.081Z [183/362] Building C object zephyr/soc/soc/nrf5340/CMakeFiles/soc__nordic.dir/validate_enabled_instances.c.obj
2026-09-19T00:28:01.117Z [184/362] Building C object zephyr/lib/net_buf/CMakeFiles/lib__net_buf.dir/buf_simple.c.obj
2026-09-19T00:28:01.155Z [185/362] Building C object zephyr/soc/soc/nrf5340/CMakeFiles/soc__nordic.dir/common/gppi_init.c.obj
2026-09-19T00:28:01.193Z [186/362] Building C object zephyr/lib/net_buf/CMakeFiles/lib__net_buf.dir/buf.c.obj
2026-09-19T00:28:01.225Z [187/362] Building C object zephyr/soc/soc/nrf5340/CMakeFiles/soc__nordic.dir/common/reboot.c.obj
2026-09-19T00:28:01.258Z [188/362] Building C object zephyr/subsys/random/CMakeFiles/subsys__random.dir/random_entropy_device.c.obj
2026-09-19T00:28:01.293Z [189/362] Building C object zephyr/subsys/bluetooth/host/CMakeFiles/subsys__bluetooth__host.dir/uuid.c.obj
2026-09-19T00:28:01.326Z [190/362] Building C object zephyr/soc/soc/nrf5340/CMakeFiles/soc__nordic.dir/nrf53/nrf53_cpunet_mgmt.c.obj
2026-09-19T00:28:01.370Z [191/362] Building C object zephyr/soc/soc/nrf5340/CMakeFiles/soc__nordic.dir/nrf53/soc.c.obj
2026-09-19T00:28:01.404Z [192/362] Building C object zephyr/subsys/bluetooth/common/CMakeFiles/subsys__bluetooth__common.dir/dummy.c.obj
2026-09-19T00:28:01.447Z [193/362] Building C object zephyr/subsys/bluetooth/common/CMakeFiles/subsys__bluetooth__common.dir/bt_str.c.obj
2026-09-19T00:28:01.486Z [194/362] Building C object zephyr/subsys/bluetooth/host/CMakeFiles/subsys__bluetooth__host.dir/addr.c.obj
2026-09-19T00:28:01.544Z [195/362] Building C object zephyr/subsys/bluetooth/common/CMakeFiles/subsys__bluetooth__common.dir/rpa.c.obj
2026-09-19T00:28:01.579Z [196/362] Building C object zephyr/subsys/bluetooth/host/CMakeFiles/subsys__bluetooth__host.dir/long_wq.c.obj
2026-09-19T00:28:01.658Z [197/362] Building C object zephyr/soc/soc/nrf5340/CMakeFiles/soc__nordic.dir/common/gpiote_nrfx.c.obj
2026-09-19T00:28:01.724Z [198/362] Building C object zephyr/subsys/bluetooth/host/CMakeFiles/subsys__bluetooth__host.dir/buf.c.obj
2026-09-19T00:28:01.762Z [199/362] Building C object zephyr/subsys/bluetooth/host/CMakeFiles/subsys__bluetooth__host.dir/data.c.obj
2026-09-19T00:28:01.813Z [200/362] Building C object zephyr/subsys/bluetooth/host/CMakeFiles/subsys__bluetooth__host.dir/hci_common.c.obj
2026-09-19T00:28:01.852Z [201/362] Building C object zephyr/subsys/bluetooth/host/CMakeFiles/subsys__bluetooth__host.dir/settings.c.obj
2026-09-19T00:28:01.888Z [202/362] Building C object zephyr/subsys/crc/CMakeFiles/subsys__crc.dir/crc8_sw.c.obj
2026-09-19T00:28:01.922Z [203/362] Building C object zephyr/subsys/crc/CMakeFiles/subsys__crc.dir/crc4_sw.c.obj
2026-09-19T00:28:02.011Z [204/362] Building C object zephyr/subsys/crc/CMakeFiles/subsys__crc.dir/crc7_sw.c.obj
2026-09-19T00:28:02.054Z [205/362] Building C object zephyr/subsys/crc/CMakeFiles/subsys__crc.dir/crc16_sw.c.obj
2026-09-19T00:28:02.092Z [206/362] Building C object zephyr/subsys/crc/CMakeFiles/subsys__crc.dir/crc24_sw.c.obj
2026-09-19T00:28:02.170Z [207/362] Building C object zephyr/subsys/bluetooth/host/CMakeFiles/subsys__bluetooth__host.dir/crypto_psa.c.obj
2026-09-19T00:28:02.210Z [208/362] Building C object zephyr/subsys/crc/CMakeFiles/subsys__crc.dir/crc32c_sw.c.obj
2026-09-19T00:28:02.255Z [209/362] Building C object zephyr/subsys/bluetooth/host/CMakeFiles/subsys__bluetooth__host.dir/scan.c.obj
2026-09-19T00:28:02.297Z [210/362] Building C object zephyr/subsys/crc/CMakeFiles/subsys__crc.dir/crc32_sw.c.obj
2026-09-19T00:28:02.397Z [211/362] Building C object zephyr/subsys/bluetooth/crypto/CMakeFiles/subsys__bluetooth__crypto.dir/bt_crypto_psa.c.obj
2026-09-19T00:28:02.437Z [212/362] Building C object zephyr/subsys/crc/CMakeFiles/subsys__crc.dir/crc32k_4_2_sw.c.obj
2026-09-19T00:28:02.481Z [213/362] Building C object zephyr/subsys/bluetooth/host/CMakeFiles/subsys__bluetooth__host.dir/ecc.c.obj
2026-09-19T00:28:02.672Z [214/362] Building C object zephyr/drivers/flash/CMakeFiles/drivers__flash.dir/flash_page_layout.c.obj
2026-09-19T00:28:02.795Z [215/362] Building C object zephyr/subsys/bluetooth/host/CMakeFiles/subsys__bluetooth__host.dir/id.c.obj
2026-09-19T00:28:02.815Z [216/362] Building C object zephyr/subsys/bluetooth/host/CMakeFiles/subsys__bluetooth__host.dir/keys.c.obj
2026-09-19T00:28:02.859Z [217/362] Building C object zephyr/subsys/bluetooth/crypto/CMakeFiles/subsys__bluetooth__crypto.dir/bt_crypto.c.obj
2026-09-19T00:28:02.894Z [218/362] Building C object zephyr/drivers/console/CMakeFiles/drivers__console.dir/uart_console.c.obj
2026-09-19T00:28:02.962Z [219/362] Building C object zephyr/drivers/flash/CMakeFiles/drivers__flash.dir/jesd216.c.obj
2026-09-19T00:28:02.997Z [220/362] Building C object zephyr/drivers/bluetooth/CMakeFiles/drivers__bluetooth.dir/hci/nrf53_support.c.obj
2026-09-19T00:28:03.061Z [221/362] Building C object zephyr/drivers/entropy/CMakeFiles/drivers__entropy.dir/C_/ncs/v3.3.3/nrf/drivers/entropy/entropy_cc3xx.c.obj
2026-09-19T00:28:03.151Z [222/362] Building C object zephyr/drivers/clock_control/CMakeFiles/drivers__clock_control.dir/clock_control_nrf.c.obj
2026-09-19T00:28:03.212Z [223/362] Building C object zephyr/subsys/bluetooth/host/CMakeFiles/subsys__bluetooth__host.dir/l2cap.c.obj
2026-09-19T00:28:03.255Z [224/362] Building C object zephyr/drivers/pinctrl/CMakeFiles/drivers__pinctrl.dir/common.c.obj
2026-09-19T00:28:03.305Z [225/362] Building C object zephyr/drivers/mbox/CMakeFiles/drivers__mbox.dir/mbox_nrfx_ipc.c.obj
2026-09-19T00:28:03.352Z [226/362] Building C object zephyr/drivers/flash/CMakeFiles/drivers__flash.dir/soc_flash_nrf.c.obj
2026-09-19T00:28:03.451Z [227/362] Building C object zephyr/drivers/bluetooth/CMakeFiles/drivers__bluetooth.dir/hci/ipc.c.obj
2026-09-19T00:28:03.549Z [228/362] Building C object zephyr/drivers/timer/CMakeFiles/drivers__timer.dir/sys_clock_init.c.obj
2026-09-19T00:28:03.599Z [229/362] Building C object zephyr/drivers/pinctrl/CMakeFiles/drivers__pinctrl.dir/pinctrl_nrf.c.obj
2026-09-19T00:28:03.719Z [230/362] Linking C static library modules\nrf\subsys\nrf_security\src\libmbedcrypto.a
2026-09-19T00:28:03.790Z [231/362] Building C object modules/hal_nordic/modules/hal_nordic/nrfx/CMakeFiles/nrfx.dir/C_/ncs/v3.3.3/modules/hal/nordic/nrfx/bsp/stable/mdk/system_nrf5340_application.c.obj
2026-09-19T00:28:03.830Z [232/362] Building C object modules/nrf/subsys/nrf_security/src/zephyr/CMakeFiles/mbedtls_zephyr.dir/psa_crypto_init.c.obj
2026-09-19T00:28:03.868Z [233/362] Building C object zephyr/drivers/gpio/CMakeFiles/drivers__gpio.dir/gpio_nrfx.c.obj
2026-09-19T00:28:03.901Z [234/362] Building C object zephyr/drivers/timer/CMakeFiles/drivers__timer.dir/nrf_rtc_timer.c.obj
2026-09-19T00:28:03.939Z [235/362] Building C object modules/nrf/subsys/nrf_security/src/zephyr/CMakeFiles/mbedtls_zephyr.dir/mbedtls_heap.c.obj
2026-09-19T00:28:04.006Z [236/362] Building C object modules/hal_nordic/modules/hal_nordic/nrfx/CMakeFiles/nrfx.dir/C_/ncs/v3.3.3/modules/hal/nordic/nrfx/helpers/nrfx_flag32_allocator.c.obj
2026-09-19T00:28:04.057Z [237/362] Building C object modules/hal_nordic/modules/hal_nordic/nrfx/CMakeFiles/nrfx.dir/nrfx_glue.c.obj
2026-09-19T00:28:04.101Z [238/362] Building C object modules/nrf/drivers/hw_cc3xx/CMakeFiles/..__nrf__drivers__hw_cc3xx.dir/hw_cc3xx.c.obj
2026-09-19T00:28:04.138Z [239/362] Building C object zephyr/drivers/flash/CMakeFiles/drivers__flash.dir/nrf_qspi_nor.c.obj
2026-09-19T00:28:04.199Z [240/362] Building C object zephyr/subsys/bluetooth/host/CMakeFiles/subsys__bluetooth__host.dir/conn.c.obj
2026-09-19T00:28:04.341Z [241/362] Building C object modules/hal_nordic/modules/hal_nordic/nrfx/CMakeFiles/nrfx.dir/C_/ncs/v3.3.3/modules/hal/nordic/nrfx/drivers/src/nrfx_clock_hfclkaudio.c.obj
2026-09-19T00:28:04.378Z [242/362] Building C object zephyr/subsys/bluetooth/host/CMakeFiles/subsys__bluetooth__host.dir/smp.c.obj
2026-09-19T00:28:04.417Z [243/362] Building C object modules/hal_nordic/modules/hal_nordic/nrfx/CMakeFiles/nrfx.dir/C_/ncs/v3.3.3/modules/hal/nordic/nrfx/drivers/src/nrfx_clock.c.obj
2026-09-19T00:28:04.467Z [244/362] Building C object modules/hal_nordic/modules/hal_nordic/nrfx/CMakeFiles/nrfx.dir/C_/ncs/v3.3.3/modules/hal/nordic/nrfx/drivers/src/nrfx_clock_hfclk.c.obj
2026-09-19T00:28:04.507Z [245/362] Building C object modules/hal_nordic/modules/hal_nordic/nrfx/CMakeFiles/nrfx.dir/C_/ncs/v3.3.3/modules/hal/nordic/nrfx/helpers/nrfx_ram_ctrl.c.obj
2026-09-19T00:28:04.545Z [246/362] Building C object modules/hal_nordic/modules/hal_nordic/nrfx/CMakeFiles/nrfx.dir/C_/ncs/v3.3.3/modules/hal/nordic/nrfx/drivers/src/nrfx_clock_lfclk.c.obj
2026-09-19T00:28:04.586Z [247/362] Building C object zephyr/subsys/bluetooth/host/CMakeFiles/subsys__bluetooth__host.dir/att.c.obj
2026-09-19T00:28:04.622Z [248/362] Building C object modules/hal_nordic/modules/hal_nordic/nrfx/CMakeFiles/nrfx.dir/C_/ncs/v3.3.3/modules/hal/nordic/nrfx/drivers/src/nrfx_clock_xo.c.obj
2026-09-19T00:28:04.670Z [249/362] Building C object modules/hal_nordic/modules/hal_nordic/nrfx/CMakeFiles/nrfx.dir/C_/ncs/v3.3.3/modules/hal/nordic/nrfx/drivers/src/nrfx_clock_xo24m.c.obj
2026-09-19T00:28:04.708Z [250/362] Building C object modules/hal_nordic/modules/hal_nordic/nrfx/CMakeFiles/nrfx.dir/C_/ncs/v3.3.3/modules/hal/nordic/nrfx/drivers/src/nrfx_nvmc.c.obj
2026-09-19T00:28:04.837Z [251/362] Building C object modules/hal_nordic/modules/hal_nordic/nrfx/CMakeFiles/nrfx.dir/C_/ncs/v3.3.3/modules/hal/nordic/nrfx/helpers/nrfx_gppi_dppi.c.obj
2026-09-19T00:28:04.874Z [252/362] Building C object zephyr/subsys/bluetooth/host/CMakeFiles/subsys__bluetooth__host.dir/hci_core.c.obj
2026-09-19T00:28:04.933Z [253/362] Building C object modules/libmetal/libmetal/lib/CMakeFiles/metal.dir/dma.c.obj
2026-09-19T00:28:04.969Z [254/362] Building C object modules/libmetal/libmetal/lib/CMakeFiles/metal.dir/version.c.obj
2026-09-19T00:28:05.005Z [255/362] Building C object modules/hal_nordic/modules/hal_nordic/nrfx/CMakeFiles/nrfx.dir/C_/ncs/v3.3.3/modules/hal/nordic/nrfx/drivers/src/nrfx_clock_hfclk192m.c.obj
2026-09-19T00:28:05.072Z [256/362] Building C object modules/hal_nordic/modules/hal_nordic/nrfx/CMakeFiles/nrfx.dir/C_/ncs/v3.3.3/modules/hal/nordic/nrfx/drivers/src/nrfx_ipc.c.obj
2026-09-19T00:28:05.112Z [257/362] Building C object modules/libmetal/libmetal/lib/CMakeFiles/metal.dir/init.c.obj
2026-09-19T00:28:05.169Z [258/362] Building C object modules/libmetal/libmetal/lib/CMakeFiles/metal.dir/device.c.obj
2026-09-19T00:28:05.242Z [259/362] Building C object modules/libmetal/libmetal/lib/CMakeFiles/metal.dir/log.c.obj
2026-09-19T00:28:05.294Z [260/362] Building C object modules/libmetal/libmetal/lib/CMakeFiles/metal.dir/irq.c.obj
2026-09-19T00:28:05.345Z [261/362] Building C object modules/libmetal/libmetal/lib/CMakeFiles/metal.dir/io.c.obj
2026-09-19T00:28:05.442Z [262/362] Building C object modules/libmetal/libmetal/lib/CMakeFiles/metal.dir/shmem.c.obj
2026-09-19T00:28:05.492Z [263/362] Building C object modules/libmetal/libmetal/lib/CMakeFiles/metal.dir/softirq.c.obj
2026-09-19T00:28:05.593Z [264/362] Building C object modules/hal_nordic/modules/hal_nordic/nrfx/CMakeFiles/nrfx.dir/C_/ncs/v3.3.3/modules/hal/nordic/nrfx/drivers/src/nrfx_qspi.c.obj
2026-09-19T00:28:05.645Z [265/362] Building C object modules/open-amp/open-amp/lib/CMakeFiles/open_amp.dir/version.c.obj
2026-09-19T00:28:05.694Z [266/362] Building C object modules/libmetal/libmetal/lib/CMakeFiles/metal.dir/system/zephyr/alloc.c.obj
2026-09-19T00:28:05.764Z [267/362] Building C object modules/libmetal/libmetal/lib/CMakeFiles/metal.dir/system/zephyr/device.c.obj
2026-09-19T00:28:05.843Z [268/362] Building C object modules/libmetal/libmetal/lib/CMakeFiles/metal.dir/system/zephyr/log.c.obj
2026-09-19T00:28:05.900Z [269/362] Building C object modules/hal_nordic/modules/hal_nordic/nrfx/CMakeFiles/nrfx.dir/C_/ncs/v3.3.3/modules/hal/nordic/nrfx/drivers/src/nrfx_uarte.c.obj
2026-09-19T00:28:05.950Z [270/362] Building C object modules/libmetal/libmetal/lib/CMakeFiles/metal.dir/system/zephyr/init.c.obj
2026-09-19T00:28:06.025Z [271/362] Building C object modules/libmetal/libmetal/lib/CMakeFiles/metal.dir/system/zephyr/irq.c.obj
2026-09-19T00:28:06.076Z [272/362] Building C object modules/libmetal/libmetal/lib/CMakeFiles/metal.dir/system/zephyr/condition.c.obj
2026-09-19T00:28:06.157Z [273/362] Building C object modules/libmetal/libmetal/lib/CMakeFiles/metal.dir/system/zephyr/shmem.c.obj
2026-09-19T00:28:06.228Z [274/362] Building C object modules/libmetal/libmetal/lib/CMakeFiles/metal.dir/system/zephyr/time.c.obj
2026-09-19T00:28:06.337Z [275/362] Building C object modules/libmetal/libmetal/lib/CMakeFiles/metal.dir/system/zephyr/sys.c.obj
2026-09-19T00:28:06.403Z [276/362] Building C object modules/open-amp/open-amp/lib/CMakeFiles/open_amp.dir/virtio/virtio.c.obj
2026-09-19T00:28:06.469Z [277/362] Building C object modules/hal_nordic/modules/hal_nordic/nrfx/CMakeFiles/nrfx.dir/C_/ncs/v3.3.3/modules/hal/nordic/nrfx/drivers/src/nrfx_gpiote.c.obj
2026-09-19T00:28:06.548Z [278/362] Building C object modules/open-amp/open-amp/lib/CMakeFiles/open_amp.dir/rpmsg/rpmsg.c.obj
2026-09-19T00:28:06.635Z [279/362] Building C object modules/open-amp/open-amp/lib/CMakeFiles/open_amp.dir/virtio/virtqueue.c.obj
2026-09-19T00:28:06.700Z [280/362] Building C object modules/segger/CMakeFiles/modules__segger.dir/C_/ncs/v3.3.3/modules/debug/segger/SEGGER/SEGGER_RTT.c.obj
2026-09-19T00:28:06.758Z [281/362] Building C object modules/open-amp/open-amp/lib/CMakeFiles/open_amp.dir/remoteproc/rsc_table_parser.c.obj
2026-09-19T00:28:06.809Z [282/362] Building C object modules/open-amp/open-amp/lib/CMakeFiles/open_amp.dir/rpmsg/rpmsg_virtio.c.obj
2026-09-19T00:28:06.894Z [283/362] Building C object modules/open-amp/open-amp/lib/CMakeFiles/open_amp.dir/remoteproc/elf_loader.c.obj
2026-09-19T00:28:06.969Z [284/362] Building C object modules/open-amp/open-amp/lib/CMakeFiles/open_amp.dir/remoteproc/remoteproc_virtio.c.obj
2026-09-19T00:28:07.032Z [285/362] Building C object modules/segger/CMakeFiles/modules__segger.dir/SEGGER_RTT_zephyr.c.obj
2026-09-19T00:28:07.123Z [286/362] Building C object modules/open-amp/open-amp/lib/CMakeFiles/open_amp.dir/utils/utilities.c.obj
2026-09-19T00:28:07.202Z [287/362] Building C object zephyr/kernel/CMakeFiles/kernel.dir/main_weak.c.obj
2026-09-19T00:28:07.271Z [288/362] Building C object zephyr/kernel/CMakeFiles/kernel.dir/banner.c.obj
2026-09-19T00:28:07.329Z [289/362] Building C object zephyr/kernel/CMakeFiles/kernel.dir/device.c.obj
2026-09-19T00:28:07.394Z [290/362] Building C object zephyr/kernel/CMakeFiles/kernel.dir/errno.c.obj
2026-09-19T00:28:07.444Z [291/362] Building C object zephyr/kernel/CMakeFiles/kernel.dir/version.c.obj
2026-09-19T00:28:07.495Z [292/362] Building C object zephyr/subsys/bluetooth/host/CMakeFiles/subsys__bluetooth__host.dir/gatt.c.obj
2026-09-19T00:28:07.553Z [293/362] Building C object modules/open-amp/open-amp/lib/CMakeFiles/open_amp.dir/remoteproc/remoteproc.c.obj
2026-09-19T00:28:07.602Z [294/362] Building C object zephyr/drivers/serial/CMakeFiles/drivers__serial.dir/uart_nrfx_uarte.c.obj
2026-09-19T00:28:07.652Z [295/362] Building C object zephyr/kernel/CMakeFiles/kernel.dir/busy_wait.c.obj
2026-09-19T00:28:07.707Z [296/362] Building C object zephyr/kernel/CMakeFiles/kernel.dir/float.c.obj
2026-09-19T00:28:07.770Z [297/362] Building C object zephyr/kernel/CMakeFiles/kernel.dir/kheap.c.obj
2026-09-19T00:28:07.799Z [298/362] Building C object zephyr/kernel/CMakeFiles/kernel.dir/fatal.c.obj
2026-09-19T00:28:07.830Z [299/362] Building C object zephyr/kernel/CMakeFiles/kernel.dir/mem_slab.c.obj
2026-09-19T00:28:07.900Z [300/362] Building C object zephyr/kernel/CMakeFiles/kernel.dir/init.c.obj
2026-09-19T00:28:07.922Z [301/362] Building C object zephyr/kernel/CMakeFiles/kernel.dir/idle.c.obj
2026-09-19T00:28:07.946Z [302/362] Building C object zephyr/kernel/CMakeFiles/kernel.dir/mailbox.c.obj
2026-09-19T00:28:07.973Z [303/362] Building C object zephyr/kernel/CMakeFiles/kernel.dir/msg_q.c.obj
2026-09-19T00:28:07.999Z [304/362] Building C object zephyr/kernel/CMakeFiles/kernel.dir/sem.c.obj
2026-09-19T00:28:08.050Z [305/362] Building C object zephyr/kernel/CMakeFiles/kernel.dir/queue.c.obj
2026-09-19T00:28:08.077Z [306/362] Building C object zephyr/kernel/CMakeFiles/kernel.dir/stack.c.obj
2026-09-19T00:28:08.102Z [307/362] Building C object zephyr/kernel/CMakeFiles/kernel.dir/system_work_q.c.obj
2026-09-19T00:28:08.265Z [308/362] Building C object zephyr/kernel/CMakeFiles/kernel.dir/mutex.c.obj
2026-09-19T00:28:08.285Z [309/362] Building C object zephyr/kernel/CMakeFiles/kernel.dir/condvar.c.obj
2026-09-19T00:28:08.453Z [310/362] Building C object zephyr/CMakeFiles/zephyr_pre0.dir/misc/empty_file.c.obj
2026-09-19T00:28:08.478Z [311/362] Building C object zephyr/kernel/CMakeFiles/kernel.dir/thread.c.obj
2026-09-19T00:28:08.555Z [312/362] Linking C static library zephyr\arch\arch\arm\core\libarch__arm__core.a
2026-09-19T00:28:08.583Z [313/362] Linking C static library zephyr\arch\common\libarch__common.a
2026-09-19T00:28:08.606Z [314/362] Linking C static library zephyr\arch\arch\arm\core\cortex_m\cmse\libarch__arm__core__cortex_m__cmse.a
2026-09-19T00:28:08.633Z [315/362] Building C object zephyr/kernel/CMakeFiles/kernel.dir/spinlock_validate.c.obj
2026-09-19T00:28:08.665Z [316/362] Building C object zephyr/kernel/CMakeFiles/kernel.dir/timeslicing.c.obj
2026-09-19T00:28:08.682Z [317/362] Linking C static library app\libapp.a
2026-09-19T00:28:08.706Z [318/362] Building C object zephyr/kernel/CMakeFiles/kernel.dir/pipe.c.obj
2026-09-19T00:28:08.732Z [319/362] Linking C static library zephyr\arch\arch\arm\core\mpu\libarch__arm__core__mpu.a
2026-09-19T00:28:08.756Z [320/362] Linking C static library zephyr\arch\arch\arm\core\cortex_m\libarch__arm__core__cortex_m.a
2026-09-19T00:28:08.779Z [321/362] Linking C static library zephyr\lib\libc\picolibc\liblib__libc__picolibc.a
2026-09-19T00:28:08.802Z [322/362] Linking C static library zephyr\lib\libc\common\liblib__libc__common.a
2026-09-19T00:28:08.821Z [323/362] Linking C static library zephyr\lib\posix\c_lib_ext\liblib__posix__c_lib_ext.a
2026-09-19T00:28:08.846Z [324/362] Linking C static library zephyr\lib\net_buf\liblib__net_buf.a
2026-09-19T00:28:08.870Z [325/362] Building C object zephyr/kernel/CMakeFiles/kernel.dir/work.c.obj
2026-09-19T00:28:08.895Z [326/362] Building C object zephyr/kernel/CMakeFiles/kernel.dir/timer.c.obj
2026-09-19T00:28:08.976Z [327/362] Building C object zephyr/kernel/CMakeFiles/kernel.dir/mempool.c.obj
2026-09-19T00:28:09.013Z [328/362] Building C object zephyr/kernel/CMakeFiles/kernel.dir/timeout.c.obj
2026-09-19T00:28:09.046Z [329/362] Linking C static library zephyr\subsys\random\libsubsys__random.a
2026-09-19T00:28:09.082Z [330/362] Building C object zephyr/kernel/CMakeFiles/kernel.dir/dynamic_disabled.c.obj
2026-09-19T00:28:09.104Z [331/362] Linking C static library zephyr\soc\soc\nrf5340\libsoc__nordic.a
2026-09-19T00:28:09.105Z [332/362] Linking C static library zephyr\libzephyr.a
2026-09-19T00:28:09.124Z [333/362] Linking C static library zephyr\subsys\bluetooth\common\libsubsys__bluetooth__common.a
2026-09-19T00:28:09.136Z [334/362] Linking C static library zephyr\subsys\bluetooth\crypto\libsubsys__bluetooth__crypto.a
2026-09-19T00:28:09.171Z [335/362] Building C object zephyr/kernel/CMakeFiles/kernel.dir/poll.c.obj
2026-09-19T00:28:09.191Z [336/362] Linking C static library zephyr\drivers\console\libdrivers__console.a
2026-09-19T00:28:09.257Z [337/362] Linking C static library zephyr\drivers\entropy\libdrivers__entropy.a
2026-09-19T00:28:09.269Z [338/362] Linking C static library zephyr\subsys\crc\libsubsys__crc.a
2026-09-19T00:28:09.277Z [339/362] Linking C static library zephyr\drivers\clock_control\libdrivers__clock_control.a
2026-09-19T00:28:09.283Z [340/362] Linking C static library zephyr\drivers\gpio\libdrivers__gpio.a
2026-09-19T00:28:09.304Z [341/362] Linking C static library zephyr\drivers\pinctrl\libdrivers__pinctrl.a
2026-09-19T00:28:09.317Z [342/362] Linking C static library zephyr\drivers\mbox\libdrivers__mbox.a
2026-09-19T00:28:09.320Z [343/362] Linking C static library zephyr\drivers\serial\libdrivers__serial.a
2026-09-19T00:28:09.322Z [344/362] Linking C static library zephyr\drivers\timer\libdrivers__timer.a
2026-09-19T00:28:09.334Z [345/362] Linking C static library zephyr\drivers\flash\libdrivers__flash.a
2026-09-19T00:28:09.345Z [346/362] Linking C static library zephyr\drivers\bluetooth\libdrivers__bluetooth.a
2026-09-19T00:28:09.367Z [347/362] Linking C static library zephyr\subsys\bluetooth\host\libsubsys__bluetooth__host.a
2026-09-19T00:28:09.372Z [348/362] Linking C static library modules\nrf\subsys\nrf_security\src\zephyr\libmbedtls_zephyr.a
2026-09-19T00:28:09.396Z [349/362] Linking C static library modules\nrf\drivers\hw_cc3xx\lib..__nrf__drivers__hw_cc3xx.a
2026-09-19T00:28:09.400Z [350/362] Building C object zephyr/kernel/CMakeFiles/kernel.dir/sched.c.obj
2026-09-19T00:28:09.459Z [351/362] Linking C static library modules\segger\libmodules__segger.a
2026-09-19T00:28:09.508Z [352/362] Linking C static library modules\open-amp\open-amp\lib\libopen_amp.a
2026-09-19T00:28:09.526Z [353/362] Linking C static library modules\hal_nordic\modules\hal_nordic\nrfx\libnrfx.a
2026-09-19T00:28:09.550Z [354/362] Linking C static library modules\libmetal\libmetal\lib\libmetal.a
2026-09-19T00:28:09.769Z [355/362] Linking C static library zephyr\kernel\libkernel.a
2026-09-19T00:28:10.269Z [356/362] Linking C executable zephyr\zephyr_pre0.elf; Logical command for additional byproducts on target: zephyr_pre0
2026-09-19T00:28:10.552Z [357/362] Generating linker.cmd
2026-09-19T00:28:10.949Z [358/362] Generating isr_tables.c, isr_tables_vt.ld, isr_tables_swi.ld
2026-09-19T00:28:11.138Z [359/362] Building C object zephyr/CMakeFiles/zephyr_final.dir/misc/empty_file.c.obj
2026-09-19T00:28:11.306Z [360/362] Building C object zephyr/CMakeFiles/zephyr_final.dir/isr_tables.c.obj
2026-09-19T00:28:12.453Z [361/362] Linking C executable zephyr\zephyr.elf
2026-09-19T00:28:12.453Z Memory region         Used Size  Region Size  %age Used
2026-09-19T00:28:12.453Z            FLASH:      205808 B         1 MB     19.63%
2026-09-19T00:28:12.453Z              RAM:      100012 B       448 KB     21.80%
2026-09-19T00:28:12.453Z         IDT_LIST:          0 GB        32 KB      0.00%
2026-09-19T00:28:12.453Z Generating files from C:/nrf_work/SHAKE2s/central_uart/build/zephyr/zephyr.elf for board: nrf5340dk/nrf5340/cpuapp
